Initializing AMReX (26.05-45-g5e5a411f935e)...
MPI initialized with 1 MPI processes
MPI initialized with thread support level 0
AMReX (26.05-45-g5e5a411f935e) initialized
Alfven wave (resistive): omega_0=6.283185307 gamma=0.197392088 omega_real=6.280083914 Rm=31.83098862 phi=0.03142109655 rad

[Warning] [Performance] The grid blocking factor (8) is too small for reasonable performance. It should be 32 (or greater) when running on GPUs, and 16 (or greater) when running on CPUs.

Coarse STEP 1 at t = 0 (0%) starts ...

Coarse STEP 2 at t = 0.003314560693 (0.3314560693%) starts ...

Coarse STEP 3 at t = 0.00662912139 (0.662912139%) starts ...

Coarse STEP 4 at t = 0.009943682088 (0.9943682088%) starts ...

Coarse STEP 5 at t = 0.01325824279 (1.325824279%) starts ...

Coarse STEP 6 at t = 0.01657280348 (1.657280348%) starts ...

Coarse STEP 7 at t = 0.01988736419 (1.988736419%) starts ...

Coarse STEP 8 at t = 0.02320192489 (2.320192489%) starts ...

Coarse STEP 9 at t = 0.0265164856 (2.65164856%) starts ...

Coarse STEP 10 at t = 0.0298310463 (2.98310463%) starts ...

Coarse STEP 11 at t = 0.03314560701 (3.314560701%) starts ...

Coarse STEP 12 at t = 0.03646016772 (3.646016772%) starts ...

Coarse STEP 13 at t = 0.03977472843 (3.977472843%) starts ...

Coarse STEP 14 at t = 0.04308928914 (4.308928914%) starts ...

Coarse STEP 15 at t = 0.04640384986 (4.640384986%) starts ...

Coarse STEP 16 at t = 0.04971841057 (4.971841057%) starts ...

Coarse STEP 17 at t = 0.05303297129 (5.303297129%) starts ...

Coarse STEP 18 at t = 0.05634753201 (5.634753201%) starts ...

Coarse STEP 19 at t = 0.05966209273 (5.966209273%) starts ...

Coarse STEP 20 at t = 0.06297665345 (6.297665345%) starts ...

Coarse STEP 21 at t = 0.06629121417 (6.629121417%) starts ...

Coarse STEP 22 at t = 0.0696057749 (6.96057749%) starts ...

Coarse STEP 23 at t = 0.07292033562 (7.292033562%) starts ...

Coarse STEP 24 at t = 0.07623489635 (7.623489635%) starts ...

Coarse STEP 25 at t = 0.07954945708 (7.954945708%) starts ...

Coarse STEP 26 at t = 0.08286401781 (8.286401781%) starts ...

Coarse STEP 27 at t = 0.08617857854 (8.617857854%) starts ...

Coarse STEP 28 at t = 0.08949313928 (8.949313928%) starts ...

Coarse STEP 29 at t = 0.09280770001 (9.280770001%) starts ...

Coarse STEP 30 at t = 0.09612226075 (9.612226075%) starts ...

Coarse STEP 31 at t = 0.09943682149 (9.943682149%) starts ...

Coarse STEP 32 at t = 0.1027513822 (10.27513822%) starts ...

Coarse STEP 33 at t = 0.106065943 (10.6065943%) starts ...

Coarse STEP 34 at t = 0.1093805037 (10.93805037%) starts ...

Coarse STEP 35 at t = 0.1126950645 (11.26950645%) starts ...

Coarse STEP 36 at t = 0.1160096252 (11.60096252%) starts ...

Coarse STEP 37 at t = 0.1193241859 (11.93241859%) starts ...

Coarse STEP 38 at t = 0.1226387467 (12.26387467%) starts ...

Coarse STEP 39 at t = 0.1259533074 (12.59533074%) starts ...

Coarse STEP 40 at t = 0.1292678682 (12.92678682%) starts ...

Coarse STEP 41 at t = 0.132582429 (13.2582429%) starts ...

Coarse STEP 42 at t = 0.1358969897 (13.58969897%) starts ...

Coarse STEP 43 at t = 0.1392115505 (13.92115505%) starts ...

Coarse STEP 44 at t = 0.1425261112 (14.25261112%) starts ...

Coarse STEP 45 at t = 0.145840672 (14.5840672%) starts ...

Coarse STEP 46 at t = 0.1491552327 (14.91552327%) starts ...

Coarse STEP 47 at t = 0.1524697935 (15.24697935%) starts ...

Coarse STEP 48 at t = 0.1557843543 (15.57843543%) starts ...

Coarse STEP 49 at t = 0.159098915 (15.9098915%) starts ...

Coarse STEP 50 at t = 0.1624134758 (16.24134758%) starts ...

Coarse STEP 51 at t = 0.1657280366 (16.57280366%) starts ...

Coarse STEP 52 at t = 0.1690425973 (16.90425973%) starts ...

Coarse STEP 53 at t = 0.1723571581 (17.23571581%) starts ...

Coarse STEP 54 at t = 0.1756717189 (17.56717189%) starts ...

Coarse STEP 55 at t = 0.1789862797 (17.89862797%) starts ...

Coarse STEP 56 at t = 0.1823008404 (18.23008404%) starts ...

Coarse STEP 57 at t = 0.1856154012 (18.56154012%) starts ...

Coarse STEP 58 at t = 0.188929962 (18.8929962%) starts ...

Coarse STEP 59 at t = 0.1922445228 (19.22445228%) starts ...

Coarse STEP 60 at t = 0.1955590836 (19.55590836%) starts ...

Coarse STEP 61 at t = 0.1988736443 (19.88736443%) starts ...

Coarse STEP 62 at t = 0.2021882051 (20.21882051%) starts ...

Coarse STEP 63 at t = 0.2055027659 (20.55027659%) starts ...

Coarse STEP 64 at t = 0.2088173267 (20.88173267%) starts ...

Coarse STEP 65 at t = 0.2121318875 (21.21318875%) starts ...

Coarse STEP 66 at t = 0.2154464483 (21.54464483%) starts ...

Coarse STEP 67 at t = 0.2187610091 (21.87610091%) starts ...

Coarse STEP 68 at t = 0.2220755699 (22.20755699%) starts ...

Coarse STEP 69 at t = 0.2253901307 (22.53901307%) starts ...

Coarse STEP 70 at t = 0.2287046915 (22.87046915%) starts ...

Coarse STEP 71 at t = 0.2320192523 (23.20192523%) starts ...

Coarse STEP 72 at t = 0.2353338131 (23.53338131%) starts ...

Coarse STEP 73 at t = 0.2386483739 (23.86483739%) starts ...

Coarse STEP 74 at t = 0.2419629347 (24.19629347%) starts ...

Coarse STEP 75 at t = 0.2452774955 (24.52774955%) starts ...

Coarse STEP 76 at t = 0.2485920563 (24.85920563%) starts ...

Coarse STEP 77 at t = 0.2519066171 (25.19066171%) starts ...

Coarse STEP 78 at t = 0.2552211779 (25.52211779%) starts ...

Coarse STEP 79 at t = 0.2585357387 (25.85357387%) starts ...

Coarse STEP 80 at t = 0.2618502995 (26.18502995%) starts ...

Coarse STEP 81 at t = 0.2651648603 (26.51648603%) starts ...

Coarse STEP 82 at t = 0.2684794211 (26.84794211%) starts ...

Coarse STEP 83 at t = 0.2717939819 (27.17939819%) starts ...

Coarse STEP 84 at t = 0.2751085428 (27.51085428%) starts ...

Coarse STEP 85 at t = 0.2784231036 (27.84231036%) starts ...

Coarse STEP 86 at t = 0.2817376644 (28.17376644%) starts ...

Coarse STEP 87 at t = 0.2850522252 (28.50522252%) starts ...

Coarse STEP 88 at t = 0.288366786 (28.8366786%) starts ...

Coarse STEP 89 at t = 0.2916813469 (29.16813469%) starts ...

Coarse STEP 90 at t = 0.2949959077 (29.49959077%) starts ...

Coarse STEP 91 at t = 0.2983104685 (29.83104685%) starts ...

Coarse STEP 92 at t = 0.3016250294 (30.16250294%) starts ...

Coarse STEP 93 at t = 0.3049395902 (30.49395902%) starts ...

Coarse STEP 94 at t = 0.308254151 (30.8254151%) starts ...

Coarse STEP 95 at t = 0.3115687118 (31.15687118%) starts ...

Coarse STEP 96 at t = 0.3148832727 (31.48832727%) starts ...

Coarse STEP 97 at t = 0.3181978335 (31.81978335%) starts ...

Coarse STEP 98 at t = 0.3215123944 (32.15123944%) starts ...

Coarse STEP 99 at t = 0.3248269552 (32.48269552%) starts ...

Coarse STEP 100 at t = 0.328141516 (32.8141516%) starts ...

Coarse STEP 101 at t = 0.3314560769 (33.14560769%) starts ...

Coarse STEP 102 at t = 0.3347706377 (33.47706377%) starts ...

Coarse STEP 103 at t = 0.3380851986 (33.80851986%) starts ...

Coarse STEP 104 at t = 0.3413997594 (34.13997594%) starts ...

Coarse STEP 105 at t = 0.3447143203 (34.47143203%) starts ...

Coarse STEP 106 at t = 0.3480288811 (34.80288811%) starts ...

Coarse STEP 107 at t = 0.351343442 (35.1343442%) starts ...

Coarse STEP 108 at t = 0.3546580028 (35.46580028%) starts ...

Coarse STEP 109 at t = 0.3579725637 (35.79725637%) starts ...

Coarse STEP 110 at t = 0.3612871245 (36.12871245%) starts ...

Coarse STEP 111 at t = 0.3646016854 (36.46016854%) starts ...

Coarse STEP 112 at t = 0.3679162462 (36.79162462%) starts ...

Coarse STEP 113 at t = 0.3712308071 (37.12308071%) starts ...

Coarse STEP 114 at t = 0.3745453679 (37.45453679%) starts ...

Coarse STEP 115 at t = 0.3778599288 (37.78599288%) starts ...

Coarse STEP 116 at t = 0.3811744897 (38.11744897%) starts ...

Coarse STEP 117 at t = 0.3844890505 (38.44890505%) starts ...

Coarse STEP 118 at t = 0.3878036114 (38.78036114%) starts ...

Coarse STEP 119 at t = 0.3911181723 (39.11181723%) starts ...

Coarse STEP 120 at t = 0.3944327331 (39.44327331%) starts ...

Coarse STEP 121 at t = 0.397747294 (39.7747294%) starts ...

Coarse STEP 122 at t = 0.4010618549 (40.10618549%) starts ...

Coarse STEP 123 at t = 0.4043764157 (40.43764157%) starts ...

Coarse STEP 124 at t = 0.4076909766 (40.76909766%) starts ...

Coarse STEP 125 at t = 0.4110055375 (41.10055375%) starts ...

Coarse STEP 126 at t = 0.4143200984 (41.43200984%) starts ...

Coarse STEP 127 at t = 0.4176346593 (41.76346593%) starts ...

Coarse STEP 128 at t = 0.4209492201 (42.09492201%) starts ...

Coarse STEP 129 at t = 0.424263781 (42.4263781%) starts ...

Coarse STEP 130 at t = 0.4275783419 (42.75783419%) starts ...

Coarse STEP 131 at t = 0.4308929028 (43.08929028%) starts ...

Coarse STEP 132 at t = 0.4342074637 (43.42074637%) starts ...

Coarse STEP 133 at t = 0.4375220245 (43.75220245%) starts ...

Coarse STEP 134 at t = 0.4408365854 (44.08365854%) starts ...

Coarse STEP 135 at t = 0.4441511463 (44.41511463%) starts ...

Coarse STEP 136 at t = 0.4474657072 (44.74657072%) starts ...

Coarse STEP 137 at t = 0.4507802681 (45.07802681%) starts ...

Coarse STEP 138 at t = 0.454094829 (45.4094829%) starts ...

Coarse STEP 139 at t = 0.4574093899 (45.74093899%) starts ...

Coarse STEP 140 at t = 0.4607239508 (46.07239508%) starts ...

Coarse STEP 141 at t = 0.4640385117 (46.40385117%) starts ...

Coarse STEP 142 at t = 0.4673530726 (46.73530726%) starts ...

Coarse STEP 143 at t = 0.4706676335 (47.06676335%) starts ...

Coarse STEP 144 at t = 0.4739821944 (47.39821944%) starts ...

Coarse STEP 145 at t = 0.4772967553 (47.72967553%) starts ...

Coarse STEP 146 at t = 0.4806113162 (48.06113162%) starts ...

Coarse STEP 147 at t = 0.4839258771 (48.39258771%) starts ...

Coarse STEP 148 at t = 0.487240438 (48.7240438%) starts ...

Coarse STEP 149 at t = 0.4905549989 (49.05549989%) starts ...

Coarse STEP 150 at t = 0.4938695598 (49.38695598%) starts ...

Coarse STEP 151 at t = 0.4971841207 (49.71841207%) starts ...

Coarse STEP 152 at t = 0.5004986817 (50.04986817%) starts ...

Coarse STEP 153 at t = 0.5038132426 (50.38132426%) starts ...

Coarse STEP 154 at t = 0.5071278035 (50.71278035%) starts ...

Coarse STEP 155 at t = 0.5104423644 (51.04423644%) starts ...

Coarse STEP 156 at t = 0.5137569253 (51.37569253%) starts ...

Coarse STEP 157 at t = 0.5170714862 (51.70714862%) starts ...

Coarse STEP 158 at t = 0.5203860472 (52.03860472%) starts ...

Coarse STEP 159 at t = 0.5237006081 (52.37006081%) starts ...

Coarse STEP 160 at t = 0.527015169 (52.7015169%) starts ...

Coarse STEP 161 at t = 0.5303297299 (53.03297299%) starts ...

Coarse STEP 162 at t = 0.5336442909 (53.36442909%) starts ...

Coarse STEP 163 at t = 0.5369588518 (53.69588518%) starts ...

Coarse STEP 164 at t = 0.5402734127 (54.02734127%) starts ...

Coarse STEP 165 at t = 0.5435879737 (54.35879737%) starts ...

Coarse STEP 166 at t = 0.5469025346 (54.69025346%) starts ...

Coarse STEP 167 at t = 0.5502170955 (55.02170955%) starts ...

Coarse STEP 168 at t = 0.5535316565 (55.35316565%) starts ...

Coarse STEP 169 at t = 0.5568462174 (55.68462174%) starts ...

Coarse STEP 170 at t = 0.5601607783 (56.01607783%) starts ...

Coarse STEP 171 at t = 0.5634753393 (56.34753393%) starts ...

Coarse STEP 172 at t = 0.5667899002 (56.67899002%) starts ...

Coarse STEP 173 at t = 0.5701044611 (57.01044611%) starts ...

Coarse STEP 174 at t = 0.5734190221 (57.34190221%) starts ...

Coarse STEP 175 at t = 0.576733583 (57.6733583%) starts ...

Coarse STEP 176 at t = 0.580048144 (58.0048144%) starts ...

Coarse STEP 177 at t = 0.5833627049 (58.33627049%) starts ...

Coarse STEP 178 at t = 0.5866772659 (58.66772659%) starts ...

Coarse STEP 179 at t = 0.5899918268 (58.99918268%) starts ...

Coarse STEP 180 at t = 0.5933063878 (59.33063878%) starts ...

Coarse STEP 181 at t = 0.5966209487 (59.66209487%) starts ...

Coarse STEP 182 at t = 0.5999355097 (59.99355097%) starts ...

Coarse STEP 183 at t = 0.6032500706 (60.32500706%) starts ...

Coarse STEP 184 at t = 0.6065646316 (60.65646316%) starts ...

Coarse STEP 185 at t = 0.6098791926 (60.98791926%) starts ...

Coarse STEP 186 at t = 0.6131937535 (61.31937535%) starts ...

Coarse STEP 187 at t = 0.6165083145 (61.65083145%) starts ...

Coarse STEP 188 at t = 0.6198228754 (61.98228754%) starts ...

Coarse STEP 189 at t = 0.6231374364 (62.31374364%) starts ...

Coarse STEP 190 at t = 0.6264519974 (62.64519974%) starts ...

Coarse STEP 191 at t = 0.6297665583 (62.97665583%) starts ...

Coarse STEP 192 at t = 0.6330811193 (63.30811193%) starts ...

Coarse STEP 193 at t = 0.6363956803 (63.63956803%) starts ...

Coarse STEP 194 at t = 0.6397102412 (63.97102412%) starts ...

Coarse STEP 195 at t = 0.6430248022 (64.30248022%) starts ...

Coarse STEP 196 at t = 0.6463393632 (64.63393632%) starts ...

Coarse STEP 197 at t = 0.6496539242 (64.96539242%) starts ...

Coarse STEP 198 at t = 0.6529684851 (65.29684851%) starts ...

Coarse STEP 199 at t = 0.6562830461 (65.62830461%) starts ...

Coarse STEP 200 at t = 0.6595976071 (65.95976071%) starts ...

Coarse STEP 201 at t = 0.6629121681 (66.29121681%) starts ...

Coarse STEP 202 at t = 0.6662267291 (66.62267291%) starts ...

Coarse STEP 203 at t = 0.66954129 (66.954129%) starts ...

Coarse STEP 204 at t = 0.672855851 (67.2855851%) starts ...

Coarse STEP 205 at t = 0.676170412 (67.6170412%) starts ...

Coarse STEP 206 at t = 0.679484973 (67.9484973%) starts ...

Coarse STEP 207 at t = 0.682799534 (68.2799534%) starts ...

Coarse STEP 208 at t = 0.686114095 (68.6114095%) starts ...

Coarse STEP 209 at t = 0.689428656 (68.9428656%) starts ...

Coarse STEP 210 at t = 0.692743217 (69.2743217%) starts ...

Coarse STEP 211 at t = 0.696057778 (69.6057778%) starts ...

Coarse STEP 212 at t = 0.699372339 (69.9372339%) starts ...

Coarse STEP 213 at t = 0.7026869 (70.26869%) starts ...

Coarse STEP 214 at t = 0.706001461 (70.6001461%) starts ...

Coarse STEP 215 at t = 0.709316022 (70.9316022%) starts ...

Coarse STEP 216 at t = 0.712630583 (71.2630583%) starts ...

Coarse STEP 217 at t = 0.715945144 (71.5945144%) starts ...

Coarse STEP 218 at t = 0.719259705 (71.9259705%) starts ...

Coarse STEP 219 at t = 0.722574266 (72.2574266%) starts ...

Coarse STEP 220 at t = 0.725888827 (72.5888827%) starts ...

Coarse STEP 221 at t = 0.729203388 (72.9203388%) starts ...

Coarse STEP 222 at t = 0.732517949 (73.2517949%) starts ...

Coarse STEP 223 at t = 0.73583251 (73.583251%) starts ...

Coarse STEP 224 at t = 0.739147071 (73.9147071%) starts ...

Coarse STEP 225 at t = 0.742461632 (74.2461632%) starts ...

Coarse STEP 226 at t = 0.745776193 (74.5776193%) starts ...

Coarse STEP 227 at t = 0.749090754 (74.9090754%) starts ...

Coarse STEP 228 at t = 0.7524053151 (75.24053151%) starts ...

Coarse STEP 229 at t = 0.7557198761 (75.57198761%) starts ...

Coarse STEP 230 at t = 0.7590344371 (75.90344371%) starts ...

Coarse STEP 231 at t = 0.7623489981 (76.23489981%) starts ...

Coarse STEP 232 at t = 0.7656635591 (76.56635591%) starts ...

Coarse STEP 233 at t = 0.7689781202 (76.89781202%) starts ...

Coarse STEP 234 at t = 0.7722926812 (77.22926812%) starts ...

Coarse STEP 235 at t = 0.7756072422 (77.56072422%) starts ...

Coarse STEP 236 at t = 0.7789218032 (77.89218032%) starts ...

Coarse STEP 237 at t = 0.7822363643 (78.22363643%) starts ...

Coarse STEP 238 at t = 0.7855509253 (78.55509253%) starts ...

Coarse STEP 239 at t = 0.7888654863 (78.88654863%) starts ...

Coarse STEP 240 at t = 0.7921800474 (79.21800474%) starts ...

Coarse STEP 241 at t = 0.7954946084 (79.54946084%) starts ...

Coarse STEP 242 at t = 0.7988091694 (79.88091694%) starts ...

Coarse STEP 243 at t = 0.8021237305 (80.21237305%) starts ...

Coarse STEP 244 at t = 0.8054382915 (80.54382915%) starts ...

Coarse STEP 245 at t = 0.8087528525 (80.87528525%) starts ...

Coarse STEP 246 at t = 0.8120674136 (81.20674136%) starts ...

Coarse STEP 247 at t = 0.8153819746 (81.53819746%) starts ...

Coarse STEP 248 at t = 0.8186965357 (81.86965357%) starts ...

Coarse STEP 249 at t = 0.8220110967 (82.20110967%) starts ...

Coarse STEP 250 at t = 0.8253256578 (82.53256578%) starts ...

Coarse STEP 251 at t = 0.8286402188 (82.86402188%) starts ...

Coarse STEP 252 at t = 0.8319547799 (83.19547799%) starts ...

Coarse STEP 253 at t = 0.8352693409 (83.52693409%) starts ...

Coarse STEP 254 at t = 0.838583902 (83.8583902%) starts ...

Coarse STEP 255 at t = 0.841898463 (84.1898463%) starts ...

Coarse STEP 256 at t = 0.8452130241 (84.52130241%) starts ...

Coarse STEP 257 at t = 0.8485275851 (84.85275851%) starts ...

Coarse STEP 258 at t = 0.8518421462 (85.18421462%) starts ...

Coarse STEP 259 at t = 0.8551567072 (85.51567072%) starts ...

Coarse STEP 260 at t = 0.8584712683 (85.84712683%) starts ...

Coarse STEP 261 at t = 0.8617858293 (86.17858293%) starts ...

Coarse STEP 262 at t = 0.8651003904 (86.51003904%) starts ...

Coarse STEP 263 at t = 0.8684149515 (86.84149515%) starts ...

Coarse STEP 264 at t = 0.8717295125 (87.17295125%) starts ...

Coarse STEP 265 at t = 0.8750440736 (87.50440736%) starts ...

Coarse STEP 266 at t = 0.8783586347 (87.83586347%) starts ...

Coarse STEP 267 at t = 0.8816731957 (88.16731957%) starts ...

Coarse STEP 268 at t = 0.8849877568 (88.49877568%) starts ...

Coarse STEP 269 at t = 0.8883023179 (88.83023179%) starts ...

Coarse STEP 270 at t = 0.8916168789 (89.16168789%) starts ...

Coarse STEP 271 at t = 0.89493144 (89.493144%) starts ...

Coarse STEP 272 at t = 0.8982460011 (89.82460011%) starts ...

Coarse STEP 273 at t = 0.9015605622 (90.15605622%) starts ...

Coarse STEP 274 at t = 0.9048751232 (90.48751232%) starts ...

Coarse STEP 275 at t = 0.9081896843 (90.81896843%) starts ...

Coarse STEP 276 at t = 0.9115042454 (91.15042454%) starts ...

Coarse STEP 277 at t = 0.9148188065 (91.48188065%) starts ...

Coarse STEP 278 at t = 0.9181333676 (91.81333676%) starts ...

Coarse STEP 279 at t = 0.9214479286 (92.14479286%) starts ...

Coarse STEP 280 at t = 0.9247624897 (92.47624897%) starts ...

Coarse STEP 281 at t = 0.9280770508 (92.80770508%) starts ...

Coarse STEP 282 at t = 0.9313916119 (93.13916119%) starts ...

Coarse STEP 283 at t = 0.934706173 (93.4706173%) starts ...

Coarse STEP 284 at t = 0.9380207341 (93.80207341%) starts ...

Coarse STEP 285 at t = 0.9413352952 (94.13352952%) starts ...

Coarse STEP 286 at t = 0.9446498562 (94.46498562%) starts ...

Coarse STEP 287 at t = 0.9479644173 (94.79644173%) starts ...

Coarse STEP 288 at t = 0.9512789784 (95.12789784%) starts ...

Coarse STEP 289 at t = 0.9545935395 (95.45935395%) starts ...

Coarse STEP 290 at t = 0.9579081006 (95.79081006%) starts ...

Coarse STEP 291 at t = 0.9612226617 (96.12226617%) starts ...

Coarse STEP 292 at t = 0.9645372228 (96.45372228%) starts ...

Coarse STEP 293 at t = 0.9678517839 (96.78517839%) starts ...

Coarse STEP 294 at t = 0.971166345 (97.1166345%) starts ...

Coarse STEP 295 at t = 0.9744809061 (97.44809061%) starts ...

Coarse STEP 296 at t = 0.9777954672 (97.77954672%) starts ...

Coarse STEP 297 at t = 0.9811100283 (98.11100283%) starts ...

Coarse STEP 298 at t = 0.9844245894 (98.44245894%) starts ...

Coarse STEP 299 at t = 0.9877391505 (98.77391505%) starts ...

Coarse STEP 300 at t = 0.9910537117 (99.10537117%) starts ...

Coarse STEP 301 at t = 0.9943682728 (99.43682728%) starts ...

Coarse STEP 302 at t = 0.9976828339 (99.76828339%) starts ...

Simulation ended at t = 1 (100%)

Initial gas+radiation energy = 1.4
Final gas+radiation energy = 1.4
	absolute conservation error = 3.885780586e-14
	relative conservation error = 2.775557562e-14


avg. num. of radiation subcycles = 0

Initial gasDensity = 1
	absolute conservation error = 0
	relative conservation error = 0

Initial x-GasMomentum = 0
	absolute conservation error = 1.014764784e-28

Initial y-GasMomentum = 0
	absolute conservation error = 0

Initial z-GasMomentum = 2.381246188e-22
	absolute conservation error = -1.585084849e-22
	relative conservation error = -0.6656534954

Initial gasEnergy = 1.4
	absolute conservation error = 3.885780586e-14
	relative conservation error = 2.775557562e-14

Initial gasInternalEnergy = 0.9
	absolute conservation error = -4.884981308e-14
	relative conservation error = -5.427757009e-14

Performance figure-of-merit: 5.289491782 μs/zone-update [0.1890540795 Mupdates/s]
Zone-updates on level 0: 1236992


Component Errors:
======================================================================
Component                      Absolute Error      Relative Error
----------------------------------------------------------------------
gasDensity                         8.2466e-13          8.2466e-13
x-GasMomentum                      8.2630e-13                 N/A
y-GasMomentum                      0.0000e+00                 N/A
z-GasMomentum                      2.4840e-10          4.7542e-04
gasEnergy                          1.2458e-12          8.8985e-13
gasInternalEnergy                  1.2371e-12          1.3745e-12
x-BField                           0.0000e+00          0.0000e+00
y-BField                           0.0000e+00                 N/A
z-BField                           2.4706e-10          4.7277e-04
----------------------------------------------------------------------
======================================================================

Relative RMS L1 error norm = 1.804393595e-10

Error norm = 1.804393595e-10
test passed
elapsed time: 6.546557 seconds.


TinyProfiler total time across processes [min...avg...max]: 6.547 ... 6.547 ... 6.547

--------------------------------------------------------------------------------------------------
Name                                               NCalls  Excl. Min  Excl. Avg  Excl. Max   Max %
--------------------------------------------------------------------------------------------------
QuokkaSimulation::computeHydroFluxes()                604      2.974      2.974      2.974  45.43%
HyperbolicSystem::ReconstructStatesPPM(Arrays)      38052       1.11       1.11       1.11  16.95%
HyperbolicSystem::ReconstructStatesPPM(MultiFabs)    3624     0.7705     0.7705     0.7705  11.77%
QuokkaSimulation::computeFOHydroFluxes()              302     0.6842     0.6842     0.6842  10.45%
MHDSystem::ComputeEMF_FelkerStone2017()               906     0.3705     0.3705     0.3705   5.66%
QuokkaSimulation::advanceHydroAtLevel()               302      0.174      0.174      0.174   2.66%
amrex::Copy()                                        3634    0.09912    0.09912    0.09912   1.51%
FillBoundary_nowait()                                2420    0.07798    0.07798    0.07798   1.19%
FabArray::Saxpy()                                    5440    0.05302    0.05302    0.05302   0.81%
FabArray::setVal()                                   4536    0.04339    0.04339    0.04339   0.66%
MHDSystem::EMFAverage_LondrilloDelZanna2004()        2718    0.04026    0.04026    0.04026   0.61%
HydroSystem::PredictStep()                            604    0.03526    0.03526    0.03526   0.54%
AMRSimulation::evolve()                                 1    0.02227    0.02227    0.02227   0.34%
REG::HydroSolver                                      302    0.01641    0.01641    0.01641   0.25%
MHDSystem::ReconstructTo()                          38052   0.006504   0.006504   0.006504   0.10%
QuokkaSimulation::advanceSingleTimestepAtLevel()      302   0.002459   0.002459   0.002459   0.04%
AMRSimulation::timeStepWithSubcycling()               302    0.00187    0.00187    0.00187   0.03%
AMRSimulation::fillBoundaryConditions()              2420   0.001485   0.001485   0.001485   0.02%
AMRSimulation::computeTimestepAtLevel()               302   0.001305   0.001305   0.001305   0.02%
FabArray::FillBoundary()                             2420    0.00102    0.00102    0.00102   0.02%
AMRSimulation::computeTimestep()                      302  0.0003327  0.0003327  0.0003327   0.01%
Other                                               10385    0.05961    0.05961    0.05961   0.91%
--------------------------------------------------------------------------------------------------

--------------------------------------------------------------------------------------------------
Name                                               NCalls  Incl. Min  Incl. Avg  Incl. Max   Max %
--------------------------------------------------------------------------------------------------
AMRSimulation::evolve()                                 1      6.543      6.543      6.543  99.95%
AMRSimulation::timeStepWithSubcycling()               302       6.49       6.49       6.49  99.13%
QuokkaSimulation::advanceSingleTimestepAtLevel()      302      6.488      6.488      6.488  99.10%
REG::HydroSolver                                      302      6.485      6.485      6.485  99.06%
QuokkaSimulation::advanceHydroAtLevel()               302       6.37       6.37       6.37  97.30%
QuokkaSimulation::computeHydroFluxes()                604      3.744      3.744      3.744  57.20%
MHDSystem::ComputeEMF_FelkerStone2017()               906       1.54       1.54       1.54  23.52%
MHDSystem::ReconstructTo()                          38052      1.116      1.116      1.116  17.05%
HyperbolicSystem::ReconstructStatesPPM(Arrays)      38052       1.11       1.11       1.11  16.95%
HyperbolicSystem::ReconstructStatesPPM(MultiFabs)    3624     0.7705     0.7705     0.7705  11.77%
QuokkaSimulation::computeFOHydroFluxes()              302     0.6842     0.6842     0.6842  10.45%
amrex::Copy()                                        3634    0.09912    0.09912    0.09912   1.51%
AMRSimulation::fillBoundaryConditions()              2420     0.0824     0.0824     0.0824   1.26%
FabArray::FillBoundary()                             2420    0.08091    0.08091    0.08091   1.24%
FillBoundary_nowait()                                2420    0.07943    0.07943    0.07943   1.21%
FabArray::Saxpy()                                    5440    0.05302    0.05302    0.05302   0.81%
FabArray::setVal()                                   4536    0.04339    0.04339    0.04339   0.66%
MHDSystem::EMFAverage_LondrilloDelZanna2004()        2718    0.04026    0.04026    0.04026   0.61%
HydroSystem::PredictStep()                            604    0.03526    0.03526    0.03526   0.54%
AMRSimulation::computeTimestep()                      302    0.03047    0.03047    0.03047   0.47%
AMRSimulation::computeTimestepAtLevel()               302    0.03014    0.03014    0.03014   0.46%
Other                                               10385    0.06265    0.06265    0.06265   0.96%
--------------------------------------------------------------------------------------------------



BEGIN REGION HydroSolver

--------------------------------------------------------------------------------------------------
Name                                               NCalls  Excl. Min  Excl. Avg  Excl. Max   Max %
--------------------------------------------------------------------------------------------------
QuokkaSimulation::computeHydroFluxes()                604      2.974      2.974      2.974  45.43%
HyperbolicSystem::ReconstructStatesPPM(Arrays)      38052       1.11       1.11       1.11  16.95%
HyperbolicSystem::ReconstructStatesPPM(MultiFabs)    3624     0.7705     0.7705     0.7705  11.77%
QuokkaSimulation::computeFOHydroFluxes()              302     0.6842     0.6842     0.6842  10.45%
MHDSystem::ComputeEMF_FelkerStone2017()               906     0.3705     0.3705     0.3705   5.66%
QuokkaSimulation::advanceHydroAtLevel()               302      0.174      0.174      0.174   2.66%
amrex::Copy()                                        3624    0.09911    0.09911    0.09911   1.51%
FillBoundary_nowait()                                2416    0.07786    0.07786    0.07786   1.19%
FabArray::Saxpy()                                    5436    0.05301    0.05301    0.05301   0.81%
FabArray::setVal()                                   4530    0.04309    0.04309    0.04309   0.66%
MHDSystem::EMFAverage_LondrilloDelZanna2004()        2718    0.04026    0.04026    0.04026   0.61%
REG::HydroSolver                                      302    0.01641    0.01641    0.01641   0.25%
MHDSystem::ReconstructTo()                          38052   0.006504   0.006504   0.006504   0.10%
AMRSimulation::fillBoundaryConditions()              2416   0.001484   0.001484   0.001484   0.02%
FabArray::FillBoundary()                             2416   0.001016   0.001016   0.001016   0.02%
Other                                                9362    0.06348    0.06348    0.06348   0.97%
--------------------------------------------------------------------------------------------------

--------------------------------------------------------------------------------------------------
Name                                               NCalls  Incl. Min  Incl. Avg  Incl. Max   Max %
--------------------------------------------------------------------------------------------------
REG::HydroSolver                                      302      6.485      6.485      6.485  99.06%
QuokkaSimulation::advanceHydroAtLevel()               302       6.37       6.37       6.37  97.30%
QuokkaSimulation::computeHydroFluxes()                604      3.744      3.744      3.744  57.20%
MHDSystem::ComputeEMF_FelkerStone2017()               906       1.54       1.54       1.54  23.52%
MHDSystem::ReconstructTo()                          38052      1.116      1.116      1.116  17.05%
HyperbolicSystem::ReconstructStatesPPM(Arrays)      38052       1.11       1.11       1.11  16.95%
HyperbolicSystem::ReconstructStatesPPM(MultiFabs)    3624     0.7705     0.7705     0.7705  11.77%
QuokkaSimulation::computeFOHydroFluxes()              302     0.6842     0.6842     0.6842  10.45%
amrex::Copy()                                        3624    0.09911    0.09911    0.09911   1.51%
AMRSimulation::fillBoundaryConditions()              2416    0.08224    0.08224    0.08224   1.26%
FabArray::FillBoundary()                             2416    0.08076    0.08076    0.08076   1.23%
FillBoundary_nowait()                                2416    0.07928    0.07928    0.07928   1.21%
FabArray::Saxpy()                                    5436    0.05301    0.05301    0.05301   0.81%
FabArray::setVal()                                   4530    0.04309    0.04309    0.04309   0.66%
MHDSystem::EMFAverage_LondrilloDelZanna2004()        2718    0.04026    0.04026    0.04026   0.61%
Other                                                9362    0.06348    0.06348    0.06348   0.97%
--------------------------------------------------------------------------------------------------

END REGION HydroSolver
Async Memory Usage:
------------------------------------------------------------------
Name                                     Nalloc   AvgMem    MaxMem
------------------------------------------------------------------
MHDSystem::ComputeEMF_FelkerStone2017()   73386  276 KiB  1292 KiB
------------------------------------------------------------------

Pinned Memory Usage:
---------------------------------------------------------
Name                             Nalloc  AvgMem    MaxMem
---------------------------------------------------------
The_Pinned_Arena::Initialize()        1   2   B  8192 KiB
AMRSimulation::readParameters()       2   0   B   256   B
---------------------------------------------------------

Cpu Memory Usage:
--------------------------------------------------------------------
Name                                      Nalloc    AvgMem    MaxMem
--------------------------------------------------------------------
QuokkaSimulation::computeHydroFluxes()     15704  4391 KiB  7207 KiB
QuokkaSimulation::computeFOHydroFluxes()    6946  1988 KiB  6885 KiB
AMRSimulation::MakeNewLevelFromScratch()       9  3605 KiB  3606 KiB
REG::HydroSolver                            2416  3370 KiB  3419 KiB
QuokkaSimulation::advanceHydroAtLevel()     7852  2730 KiB  3140 KiB
MHDSystem::ComputeEMF_FelkerStone2017()    73386   277 KiB  1293 KiB
Unprofiled                                    11    81   B   480 KiB
AMRSimulation::setInitialConditions()          1     0   B    96 KiB
OverrideSync_nowait()                          3     0   B    36 KiB
OwnerMask()                                    3     0   B    18 KiB
--------------------------------------------------------------------

AMReX (26.05-45-g5e5a411f935e) finalized
