Initializing AMReX (26.05-45-g5e5a411f935e)...
MPI initialized with 1 MPI processes
MPI initialized with thread support level 0
AMReX (26.05-45-g5e5a411f935e) initialized
Alfven wave (resistive): omega_0=6.283185307 gamma=0.197392088 omega_real=6.280083914 Rm=31.83098862 phi=0.03142109655 rad

[Warning] [Performance] The grid blocking factor (8) is too small for reasonable performance. It should be 32 (or greater) when running on GPUs, and 16 (or greater) when running on CPUs.

[Warning] [Performance] The maximum grid size (32) is too small for reasonable performance. It should be 128 (or greater) when running on GPUs, and 64 (or greater) when running on CPUs.

Coarse STEP 1 at t = 0 (0%) starts ...

Coarse STEP 2 at t = 0.006629121397 (0.6629121397%) starts ...

Coarse STEP 3 at t = 0.01325824281 (1.325824281%) starts ...

Coarse STEP 4 at t = 0.01988736421 (1.988736421%) starts ...

Coarse STEP 5 at t = 0.02651648562 (2.651648562%) starts ...

Coarse STEP 6 at t = 0.03314560703 (3.314560703%) starts ...

Coarse STEP 7 at t = 0.03977472846 (3.977472846%) starts ...

Coarse STEP 8 at t = 0.0464038499 (4.64038499%) starts ...

Coarse STEP 9 at t = 0.05303297133 (5.303297133%) starts ...

Coarse STEP 10 at t = 0.05966209277 (5.966209277%) starts ...

Coarse STEP 11 at t = 0.06629121421 (6.629121421%) starts ...

Coarse STEP 12 at t = 0.07292033568 (7.292033568%) starts ...

Coarse STEP 13 at t = 0.07954945714 (7.954945714%) starts ...

Coarse STEP 14 at t = 0.08617857861 (8.617857861%) starts ...

Coarse STEP 15 at t = 0.09280770007 (9.280770007%) starts ...

Coarse STEP 16 at t = 0.09943682156 (9.943682156%) starts ...

Coarse STEP 17 at t = 0.1060659431 (10.60659431%) starts ...

Coarse STEP 18 at t = 0.1126950645 (11.26950645%) starts ...

Coarse STEP 19 at t = 0.119324186 (11.9324186%) starts ...

Coarse STEP 20 at t = 0.1259533075 (12.59533075%) starts ...

Coarse STEP 21 at t = 0.1325824291 (13.25824291%) starts ...

Coarse STEP 22 at t = 0.1392115506 (13.92115506%) starts ...

Coarse STEP 23 at t = 0.1458406721 (14.58406721%) starts ...

Coarse STEP 24 at t = 0.1524697936 (15.24697936%) starts ...

Coarse STEP 25 at t = 0.1590989152 (15.90989152%) starts ...

Coarse STEP 26 at t = 0.1657280367 (16.57280367%) starts ...

Coarse STEP 27 at t = 0.1723571583 (17.23571583%) starts ...

Coarse STEP 28 at t = 0.1789862798 (17.89862798%) starts ...

Coarse STEP 29 at t = 0.1856154014 (18.56154014%) starts ...

Coarse STEP 30 at t = 0.1922445229 (19.22445229%) starts ...

Coarse STEP 31 at t = 0.1988736445 (19.88736445%) starts ...

Coarse STEP 32 at t = 0.2055027661 (20.55027661%) starts ...

Coarse STEP 33 at t = 0.2121318877 (21.21318877%) starts ...

Coarse STEP 34 at t = 0.2187610093 (21.87610093%) starts ...

Coarse STEP 35 at t = 0.2253901309 (22.53901309%) starts ...

Coarse STEP 36 at t = 0.2320192525 (23.20192525%) starts ...

Coarse STEP 37 at t = 0.2386483741 (23.86483741%) starts ...

Coarse STEP 38 at t = 0.2452774957 (24.52774957%) starts ...

Coarse STEP 39 at t = 0.2519066173 (25.19066173%) starts ...

Coarse STEP 40 at t = 0.258535739 (25.8535739%) starts ...

Coarse STEP 41 at t = 0.2651648606 (26.51648606%) starts ...

Coarse STEP 42 at t = 0.2717939822 (27.17939822%) starts ...

Coarse STEP 43 at t = 0.2784231039 (27.84231039%) starts ...

Coarse STEP 44 at t = 0.2850522255 (28.50522255%) starts ...

Coarse STEP 45 at t = 0.2916813472 (29.16813472%) starts ...

Coarse STEP 46 at t = 0.2983104688 (29.83104688%) starts ...

Coarse STEP 47 at t = 0.3049395905 (30.49395905%) starts ...

Coarse STEP 48 at t = 0.3115687122 (31.15687122%) starts ...

Coarse STEP 49 at t = 0.3181978339 (31.81978339%) starts ...

Coarse STEP 50 at t = 0.3248269556 (32.48269556%) starts ...

Coarse STEP 51 at t = 0.3314560772 (33.14560772%) starts ...

Coarse STEP 52 at t = 0.3380851989 (33.80851989%) starts ...

Coarse STEP 53 at t = 0.3447143206 (34.47143206%) starts ...

Coarse STEP 54 at t = 0.3513434423 (35.13434423%) starts ...

Coarse STEP 55 at t = 0.3579725641 (35.79725641%) starts ...

Coarse STEP 56 at t = 0.3646016858 (36.46016858%) starts ...

Coarse STEP 57 at t = 0.3712308075 (37.12308075%) starts ...

Coarse STEP 58 at t = 0.3778599292 (37.78599292%) starts ...

Coarse STEP 59 at t = 0.3844890509 (38.44890509%) starts ...

Coarse STEP 60 at t = 0.3911181727 (39.11181727%) starts ...

Coarse STEP 61 at t = 0.3977472944 (39.77472944%) starts ...

Coarse STEP 62 at t = 0.4043764162 (40.43764162%) starts ...

Coarse STEP 63 at t = 0.4110055379 (41.10055379%) starts ...

Coarse STEP 64 at t = 0.4176346597 (41.76346597%) starts ...

Coarse STEP 65 at t = 0.4242637815 (42.42637815%) starts ...

Coarse STEP 66 at t = 0.4308929032 (43.08929032%) starts ...

Coarse STEP 67 at t = 0.437522025 (43.7522025%) starts ...

Coarse STEP 68 at t = 0.4441511468 (44.41511468%) starts ...

Coarse STEP 69 at t = 0.4507802686 (45.07802686%) starts ...

Coarse STEP 70 at t = 0.4574093904 (45.74093904%) starts ...

Coarse STEP 71 at t = 0.4640385122 (46.40385122%) starts ...

Coarse STEP 72 at t = 0.470667634 (47.0667634%) starts ...

Coarse STEP 73 at t = 0.4772967558 (47.72967558%) starts ...

Coarse STEP 74 at t = 0.4839258776 (48.39258776%) starts ...

Coarse STEP 75 at t = 0.4905549994 (49.05549994%) starts ...

Coarse STEP 76 at t = 0.4971841212 (49.71841212%) starts ...

Coarse STEP 77 at t = 0.503813243 (50.3813243%) starts ...

Coarse STEP 78 at t = 0.5104423649 (51.04423649%) starts ...

Coarse STEP 79 at t = 0.5170714867 (51.70714867%) starts ...

Coarse STEP 80 at t = 0.5237006086 (52.37006086%) starts ...

Coarse STEP 81 at t = 0.5303297304 (53.03297304%) starts ...

Coarse STEP 82 at t = 0.5369588523 (53.69588523%) starts ...

Coarse STEP 83 at t = 0.5435879742 (54.35879742%) starts ...

Coarse STEP 84 at t = 0.550217096 (55.0217096%) starts ...

Coarse STEP 85 at t = 0.5568462179 (55.68462179%) starts ...

Coarse STEP 86 at t = 0.5634753398 (56.34753398%) starts ...

Coarse STEP 87 at t = 0.5701044617 (57.01044617%) starts ...

Coarse STEP 88 at t = 0.5767335836 (57.67335836%) starts ...

Coarse STEP 89 at t = 0.5833627055 (58.33627055%) starts ...

Coarse STEP 90 at t = 0.5899918274 (58.99918274%) starts ...

Coarse STEP 91 at t = 0.5966209493 (59.66209493%) starts ...

Coarse STEP 92 at t = 0.6032500712 (60.32500712%) starts ...

Coarse STEP 93 at t = 0.6098791931 (60.98791931%) starts ...

Coarse STEP 94 at t = 0.616508315 (61.6508315%) starts ...

Coarse STEP 95 at t = 0.623137437 (62.3137437%) starts ...

Coarse STEP 96 at t = 0.6297665589 (62.97665589%) starts ...

Coarse STEP 97 at t = 0.6363956808 (63.63956808%) starts ...

Coarse STEP 98 at t = 0.6430248028 (64.30248028%) starts ...

Coarse STEP 99 at t = 0.6496539247 (64.96539247%) starts ...

Coarse STEP 100 at t = 0.6562830467 (65.62830467%) starts ...

Coarse STEP 101 at t = 0.6629121687 (66.29121687%) starts ...

Coarse STEP 102 at t = 0.6695412907 (66.95412907%) starts ...

Coarse STEP 103 at t = 0.6761704126 (67.61704126%) starts ...

Coarse STEP 104 at t = 0.6827995346 (68.27995346%) starts ...

Coarse STEP 105 at t = 0.6894286566 (68.94286566%) starts ...

Coarse STEP 106 at t = 0.6960577786 (69.60577786%) starts ...

Coarse STEP 107 at t = 0.7026869006 (70.26869006%) starts ...

Coarse STEP 108 at t = 0.7093160226 (70.93160226%) starts ...

Coarse STEP 109 at t = 0.7159451446 (71.59451446%) starts ...

Coarse STEP 110 at t = 0.7225742666 (72.25742666%) starts ...

Coarse STEP 111 at t = 0.7292033886 (72.92033886%) starts ...

Coarse STEP 112 at t = 0.7358325107 (73.58325107%) starts ...

Coarse STEP 113 at t = 0.7424616327 (74.24616327%) starts ...

Coarse STEP 114 at t = 0.7490907547 (74.90907547%) starts ...

Coarse STEP 115 at t = 0.7557198768 (75.57198768%) starts ...

Coarse STEP 116 at t = 0.7623489988 (76.23489988%) starts ...

Coarse STEP 117 at t = 0.7689781209 (76.89781209%) starts ...

Coarse STEP 118 at t = 0.7756072429 (77.56072429%) starts ...

Coarse STEP 119 at t = 0.782236365 (78.2236365%) starts ...

Coarse STEP 120 at t = 0.7888654871 (78.88654871%) starts ...

Coarse STEP 121 at t = 0.7954946091 (79.54946091%) starts ...

Coarse STEP 122 at t = 0.8021237312 (80.21237312%) starts ...

Coarse STEP 123 at t = 0.8087528533 (80.87528533%) starts ...

Coarse STEP 124 at t = 0.8153819754 (81.53819754%) starts ...

Coarse STEP 125 at t = 0.8220110975 (82.20110975%) starts ...

Coarse STEP 126 at t = 0.8286402196 (82.86402196%) starts ...

Coarse STEP 127 at t = 0.8352693417 (83.52693417%) starts ...

Coarse STEP 128 at t = 0.8418984638 (84.18984638%) starts ...

Coarse STEP 129 at t = 0.8485275859 (84.85275859%) starts ...

Coarse STEP 130 at t = 0.855156708 (85.5156708%) starts ...

Coarse STEP 131 at t = 0.8617858301 (86.17858301%) starts ...

Coarse STEP 132 at t = 0.8684149523 (86.84149523%) starts ...

Coarse STEP 133 at t = 0.8750440744 (87.50440744%) starts ...

Coarse STEP 134 at t = 0.8816731965 (88.16731965%) starts ...

Coarse STEP 135 at t = 0.8883023187 (88.83023187%) starts ...

Coarse STEP 136 at t = 0.8949314408 (89.49314408%) starts ...

Coarse STEP 137 at t = 0.901560563 (90.1560563%) starts ...

Coarse STEP 138 at t = 0.9081896851 (90.81896851%) starts ...

Coarse STEP 139 at t = 0.9148188073 (91.48188073%) starts ...

Coarse STEP 140 at t = 0.9214479295 (92.14479295%) starts ...

Coarse STEP 141 at t = 0.9280770516 (92.80770516%) starts ...

Coarse STEP 142 at t = 0.9347061738 (93.47061738%) starts ...

Coarse STEP 143 at t = 0.941335296 (94.1335296%) starts ...

Coarse STEP 144 at t = 0.9479644182 (94.79644182%) starts ...

Coarse STEP 145 at t = 0.9545935404 (95.45935404%) starts ...

Coarse STEP 146 at t = 0.9612226626 (96.12226626%) starts ...

Coarse STEP 147 at t = 0.9678517848 (96.78517848%) starts ...

Coarse STEP 148 at t = 0.974480907 (97.4480907%) starts ...

Coarse STEP 149 at t = 0.9811100292 (98.11100292%) starts ...

Coarse STEP 150 at t = 0.9877391514 (98.77391514%) starts ...

Coarse STEP 151 at t = 0.9943682736 (99.43682736%) starts ...

Simulation ended at t = 1 (100%)

Initial gas+radiation energy = 1.4
Final gas+radiation energy = 1.4
	absolute conservation error = -3.996802889e-15
	relative conservation error = -2.854859206e-15


avg. num. of radiation subcycles = 0

Initial gasDensity = 1
	absolute conservation error = 0
	relative conservation error = 0

Initial x-GasMomentum = 0
	absolute conservation error = -1.007276768e-28

Initial y-GasMomentum = 0
	absolute conservation error = 0

Initial z-GasMomentum = 1.320387053e-22
	absolute conservation error = 2.724526143e-23
	relative conservation error = 0.2063429914

Initial gasEnergy = 1.4
	absolute conservation error = -3.996802889e-15
	relative conservation error = -2.854859206e-15

Initial gasInternalEnergy = 0.9
	absolute conservation error = -2.72004641e-14
	relative conservation error = -3.022273789e-14

Performance figure-of-merit: 6.083425329 μs/zone-update [0.1643810758 Mupdates/s]
Zone-updates on level 0: 309248


Component Errors:
======================================================================
Component                      Absolute Error      Relative Error
----------------------------------------------------------------------
gasDensity                         8.2484e-13          8.2484e-13
x-GasMomentum                      8.2718e-13                 N/A
y-GasMomentum                      0.0000e+00                 N/A
z-GasMomentum                      1.0002e-09          1.9120e-03
gasEnergy                          1.2414e-12          8.8668e-13
gasInternalEnergy                  1.2375e-12          1.3749e-12
x-BField                           0.0000e+00          0.0000e+00
y-BField                           0.0000e+00                 N/A
z-BField                           9.9780e-10          1.9094e-03
----------------------------------------------------------------------
======================================================================

Relative RMS L1 error norm = 7.276162332e-10

Error norm = 7.276162332e-10
test passed
elapsed time: 1.884730593 seconds.


TinyProfiler total time across processes [min...avg...max]: 1.885 ... 1.885 ... 1.885

--------------------------------------------------------------------------------------------------
Name                                               NCalls  Excl. Min  Excl. Avg  Excl. Max   Max %
--------------------------------------------------------------------------------------------------
QuokkaSimulation::computeHydroFluxes()                302     0.8203     0.8203     0.8203  43.52%
HyperbolicSystem::ReconstructStatesPPM(Arrays)      19026     0.3349     0.3349     0.3349  17.77%
HyperbolicSystem::ReconstructStatesPPM(MultiFabs)    1812     0.2398     0.2398     0.2398  12.72%
QuokkaSimulation::computeFOHydroFluxes()              151     0.1923     0.1923     0.1923  10.20%
MHDSystem::ComputeEMF_FelkerStone2017()               453     0.1114     0.1114     0.1114   5.91%
QuokkaSimulation::advanceHydroAtLevel()               151    0.05092    0.05092    0.05092   2.70%
amrex::Copy()                                        1822     0.0294     0.0294     0.0294   1.56%
FillBoundary_nowait()                                1212    0.02123    0.02123    0.02123   1.13%
FabArray::Saxpy()                                    2722      0.013      0.013      0.013   0.69%
FabArray::setVal()                                   2271    0.01118    0.01118    0.01118   0.59%
AMRSimulation::evolve()                                 1    0.01107    0.01107    0.01107   0.59%
MHDSystem::EMFAverage_LondrilloDelZanna2004()        1359     0.0103     0.0103     0.0103   0.55%
HydroSystem::PredictStep()                            302   0.008983   0.008983   0.008983   0.48%
QuokkaSimulation::computeMaxSignalLocal()             151   0.008259   0.008259   0.008259   0.44%
MHDSystem::ReconstructTo()                          19026   0.003213   0.003213   0.003213   0.17%
REG::HydroSolver                                      151   0.002852   0.002852   0.002852   0.15%
QuokkaSimulation::advanceSingleTimestepAtLevel()      151  0.0008912  0.0008912  0.0008912   0.05%
AMRSimulation::fillBoundaryConditions()              1212   0.000596   0.000596   0.000596   0.03%
AMRSimulation::computeTimestepAtLevel()               151  0.0005366  0.0005366  0.0005366   0.03%
AMRSimulation::timeStepWithSubcycling()               151  0.0004296  0.0004296  0.0004296   0.02%
FabArray::FillBoundary()                             1212  0.0004243  0.0004243  0.0004243   0.02%
AMRSimulation::computeTimestep()                      151  0.0001853  0.0001853  0.0001853   0.01%
Other                                                5100    0.01169    0.01169    0.01169   0.62%
--------------------------------------------------------------------------------------------------

--------------------------------------------------------------------------------------------------
Name                                               NCalls  Incl. Min  Incl. Avg  Incl. Max   Max %
--------------------------------------------------------------------------------------------------
AMRSimulation::evolve()                                 1      1.881      1.881      1.881  99.82%
AMRSimulation::timeStepWithSubcycling()               151       1.86       1.86       1.86  98.71%
QuokkaSimulation::advanceSingleTimestepAtLevel()      151       1.86       1.86       1.86  98.68%
REG::HydroSolver                                      151      1.859      1.859      1.859  98.63%
QuokkaSimulation::advanceHydroAtLevel()               151      1.827      1.827      1.827  96.92%
QuokkaSimulation::computeHydroFluxes()                302       1.06       1.06       1.06  56.24%
MHDSystem::ComputeEMF_FelkerStone2017()               453     0.4634     0.4634     0.4634  24.59%
MHDSystem::ReconstructTo()                          19026     0.3381     0.3381     0.3381  17.94%
HyperbolicSystem::ReconstructStatesPPM(Arrays)      19026     0.3349     0.3349     0.3349  17.77%
HyperbolicSystem::ReconstructStatesPPM(MultiFabs)    1812     0.2398     0.2398     0.2398  12.72%
QuokkaSimulation::computeFOHydroFluxes()              151     0.1923     0.1923     0.1923  10.20%
amrex::Copy()                                        1822     0.0294     0.0294     0.0294   1.56%
AMRSimulation::fillBoundaryConditions()              1212    0.02312    0.02312    0.02312   1.23%
FabArray::FillBoundary()                             1212    0.02253    0.02253    0.02253   1.20%
FillBoundary_nowait()                                1212    0.02189    0.02189    0.02189   1.16%
FabArray::Saxpy()                                    2722      0.013      0.013      0.013   0.69%
FabArray::setVal()                                   2271    0.01118    0.01118    0.01118   0.59%
MHDSystem::EMFAverage_LondrilloDelZanna2004()        1359     0.0103     0.0103     0.0103   0.55%
AMRSimulation::computeTimestep()                      151   0.009546   0.009546   0.009546   0.51%
AMRSimulation::computeTimestepAtLevel()               151   0.009361   0.009361   0.009361   0.50%
HydroSystem::PredictStep()                            302   0.008983   0.008983   0.008983   0.48%
QuokkaSimulation::computeMaxSignalLocal()             151   0.008259   0.008259   0.008259   0.44%
Other                                                5100    0.01534    0.01534    0.01534   0.81%
--------------------------------------------------------------------------------------------------



BEGIN REGION HydroSolver

--------------------------------------------------------------------------------------------------
Name                                               NCalls  Excl. Min  Excl. Avg  Excl. Max   Max %
--------------------------------------------------------------------------------------------------
QuokkaSimulation::computeHydroFluxes()                302     0.8203     0.8203     0.8203  43.52%
HyperbolicSystem::ReconstructStatesPPM(Arrays)      19026     0.3349     0.3349     0.3349  17.77%
HyperbolicSystem::ReconstructStatesPPM(MultiFabs)    1812     0.2398     0.2398     0.2398  12.72%
QuokkaSimulation::computeFOHydroFluxes()              151     0.1923     0.1923     0.1923  10.20%
MHDSystem::ComputeEMF_FelkerStone2017()               453     0.1114     0.1114     0.1114   5.91%
QuokkaSimulation::advanceHydroAtLevel()               151    0.05092    0.05092    0.05092   2.70%
amrex::Copy()                                        1812    0.02939    0.02939    0.02939   1.56%
FillBoundary_nowait()                                1208    0.02106    0.02106    0.02106   1.12%
FabArray::Saxpy()                                    2718    0.01299    0.01299    0.01299   0.69%
FabArray::setVal()                                   2265    0.01105    0.01105    0.01105   0.59%
MHDSystem::EMFAverage_LondrilloDelZanna2004()        1359     0.0103     0.0103     0.0103   0.55%
MHDSystem::ReconstructTo()                          19026   0.003213   0.003213   0.003213   0.17%
REG::HydroSolver                                      151   0.002852   0.002852   0.002852   0.15%
AMRSimulation::fillBoundaryConditions()              1208  0.0005931  0.0005931  0.0005931   0.03%
FabArray::FillBoundary()                             1208  0.0004158  0.0004158  0.0004158   0.02%
Other                                                4681    0.01751    0.01751    0.01751   0.93%
--------------------------------------------------------------------------------------------------

--------------------------------------------------------------------------------------------------
Name                                               NCalls  Incl. Min  Incl. Avg  Incl. Max   Max %
--------------------------------------------------------------------------------------------------
REG::HydroSolver                                      151      1.859      1.859      1.859  98.63%
QuokkaSimulation::advanceHydroAtLevel()               151      1.827      1.827      1.827  96.92%
QuokkaSimulation::computeHydroFluxes()                302       1.06       1.06       1.06  56.24%
MHDSystem::ComputeEMF_FelkerStone2017()               453     0.4634     0.4634     0.4634  24.59%
MHDSystem::ReconstructTo()                          19026     0.3381     0.3381     0.3381  17.94%
HyperbolicSystem::ReconstructStatesPPM(Arrays)      19026     0.3349     0.3349     0.3349  17.77%
HyperbolicSystem::ReconstructStatesPPM(MultiFabs)    1812     0.2398     0.2398     0.2398  12.72%
QuokkaSimulation::computeFOHydroFluxes()              151     0.1923     0.1923     0.1923  10.20%
amrex::Copy()                                        1812    0.02939    0.02939    0.02939   1.56%
AMRSimulation::fillBoundaryConditions()              1208    0.02288    0.02288    0.02288   1.21%
FabArray::FillBoundary()                             1208    0.02229    0.02229    0.02229   1.18%
FillBoundary_nowait()                                1208    0.02166    0.02166    0.02166   1.15%
FabArray::Saxpy()                                    2718    0.01299    0.01299    0.01299   0.69%
FabArray::setVal()                                   2265    0.01105    0.01105    0.01105   0.59%
MHDSystem::EMFAverage_LondrilloDelZanna2004()        1359     0.0103     0.0103     0.0103   0.55%
Other                                                4681    0.01751    0.01751    0.01751   0.93%
--------------------------------------------------------------------------------------------------

END REGION HydroSolver
Async Memory Usage:
-----------------------------------------------------------------
Name                                     Nalloc   AvgMem   MaxMem
-----------------------------------------------------------------
MHDSystem::ComputeEMF_FelkerStone2017()   36693  152 KiB  675 KiB
-----------------------------------------------------------------

Pinned Memory Usage:
---------------------------------------------------------
Name                             Nalloc  AvgMem    MaxMem
---------------------------------------------------------
The_Pinned_Arena::Initialize()        1   8   B  8192 KiB
AMRSimulation::readParameters()       2   0   B   256   B
---------------------------------------------------------

Cpu Memory Usage:
--------------------------------------------------------------------
Name                                      Nalloc    AvgMem    MaxMem
--------------------------------------------------------------------
QuokkaSimulation::computeHydroFluxes()      7852  2313 KiB  3868 KiB
QuokkaSimulation::computeFOHydroFluxes()    3473  1030 KiB  3693 KiB
AMRSimulation::MakeNewLevelFromScratch()       9  2045 KiB  2049 KiB
REG::HydroSolver                            1208  1906 KiB  1943 KiB
QuokkaSimulation::advanceHydroAtLevel()     3926  1482 KiB  1699 KiB
MHDSystem::ComputeEMF_FelkerStone2017()    36693   152 KiB   676 KiB
Unprofiled                                    11    77   B   240 KiB
AMRSimulation::setInitialConditions()          1     0   B    48 KiB
OverrideSync_nowait()                          3     0   B    18 KiB
OwnerMask()                                    3     0   B  9216   B
--------------------------------------------------------------------

AMReX (26.05-45-g5e5a411f935e) finalized
