Initializing AMReX (26.05-45-g5e5a411f935e)...
MPI initialized with 1 MPI processes
MPI initialized with thread support level 0
AMReX (26.05-45-g5e5a411f935e) initialized
Alfven wave (resistive): omega_0=6.283185307 gamma=0.197392088 omega_real=6.280083914 Rm=31.83098862 phi=0.03142109655 rad

[Warning] [Performance] The grid blocking factor (8) is too small for reasonable performance. It should be 32 (or greater) when running on GPUs, and 16 (or greater) when running on CPUs.

Coarse STEP 1 at t = 0 (0%) starts ...

Coarse STEP 2 at t = 0.001657280347 (0.1657280347%) starts ...

Coarse STEP 3 at t = 0.003314560693 (0.3314560693%) starts ...

Coarse STEP 4 at t = 0.004971841041 (0.4971841041%) starts ...

Coarse STEP 5 at t = 0.006629121389 (0.6629121389%) starts ...

Coarse STEP 6 at t = 0.008286401737 (0.8286401737%) starts ...

Coarse STEP 7 at t = 0.009943682086 (0.9943682086%) starts ...

Coarse STEP 8 at t = 0.01160096243 (1.160096243%) starts ...

Coarse STEP 9 at t = 0.01325824278 (1.325824278%) starts ...

Coarse STEP 10 at t = 0.01491552313 (1.491552313%) starts ...

Coarse STEP 11 at t = 0.01657280348 (1.657280348%) starts ...

Coarse STEP 12 at t = 0.01823008383 (1.823008383%) starts ...

Coarse STEP 13 at t = 0.01988736418 (1.988736418%) starts ...

Coarse STEP 14 at t = 0.02154464454 (2.154464454%) starts ...

Coarse STEP 15 at t = 0.02320192489 (2.320192489%) starts ...

Coarse STEP 16 at t = 0.02485920524 (2.485920524%) starts ...

Coarse STEP 17 at t = 0.02651648559 (2.651648559%) starts ...

Coarse STEP 18 at t = 0.02817376594 (2.817376594%) starts ...

Coarse STEP 19 at t = 0.0298310463 (2.98310463%) starts ...

Coarse STEP 20 at t = 0.03148832665 (3.148832665%) starts ...

Coarse STEP 21 at t = 0.03314560701 (3.314560701%) starts ...

Coarse STEP 22 at t = 0.03480288736 (3.480288736%) starts ...

Coarse STEP 23 at t = 0.03646016771 (3.646016771%) starts ...

Coarse STEP 24 at t = 0.03811744807 (3.811744807%) starts ...

Coarse STEP 25 at t = 0.03977472843 (3.977472843%) starts ...

Coarse STEP 26 at t = 0.04143200878 (4.143200878%) starts ...

Coarse STEP 27 at t = 0.04308928914 (4.308928914%) starts ...

Coarse STEP 28 at t = 0.04474656949 (4.474656949%) starts ...

Coarse STEP 29 at t = 0.04640384985 (4.640384985%) starts ...

Coarse STEP 30 at t = 0.04806113021 (4.806113021%) starts ...

Coarse STEP 31 at t = 0.04971841057 (4.971841057%) starts ...

Coarse STEP 32 at t = 0.05137569092 (5.137569092%) starts ...

Coarse STEP 33 at t = 0.05303297128 (5.303297128%) starts ...

Coarse STEP 34 at t = 0.05469025164 (5.469025164%) starts ...

Coarse STEP 35 at t = 0.056347532 (5.6347532%) starts ...

Coarse STEP 36 at t = 0.05800481236 (5.800481236%) starts ...

Coarse STEP 37 at t = 0.05966209272 (5.966209272%) starts ...

Coarse STEP 38 at t = 0.06131937308 (6.131937308%) starts ...

Coarse STEP 39 at t = 0.06297665344 (6.297665344%) starts ...

Coarse STEP 40 at t = 0.0646339338 (6.46339338%) starts ...

Coarse STEP 41 at t = 0.06629121416 (6.629121416%) starts ...

Coarse STEP 42 at t = 0.06794849453 (6.794849453%) starts ...

Coarse STEP 43 at t = 0.06960577489 (6.960577489%) starts ...

Coarse STEP 44 at t = 0.07126305525 (7.126305525%) starts ...

Coarse STEP 45 at t = 0.07292033561 (7.292033561%) starts ...

Coarse STEP 46 at t = 0.07457761598 (7.457761598%) starts ...

Coarse STEP 47 at t = 0.07623489634 (7.623489634%) starts ...

Coarse STEP 48 at t = 0.07789217671 (7.789217671%) starts ...

Coarse STEP 49 at t = 0.07954945707 (7.954945707%) starts ...

Coarse STEP 50 at t = 0.08120673743 (8.120673743%) starts ...

Coarse STEP 51 at t = 0.0828640178 (8.28640178%) starts ...

Coarse STEP 52 at t = 0.08452129817 (8.452129817%) starts ...

Coarse STEP 53 at t = 0.08617857853 (8.617857853%) starts ...

Coarse STEP 54 at t = 0.0878358589 (8.78358589%) starts ...

Coarse STEP 55 at t = 0.08949313926 (8.949313926%) starts ...

Coarse STEP 56 at t = 0.09115041963 (9.115041963%) starts ...

Coarse STEP 57 at t = 0.0928077 (9.28077%) starts ...

Coarse STEP 58 at t = 0.09446498037 (9.446498037%) starts ...

Coarse STEP 59 at t = 0.09612226074 (9.612226074%) starts ...

Coarse STEP 60 at t = 0.0977795411 (9.77795411%) starts ...

Coarse STEP 61 at t = 0.09943682147 (9.943682147%) starts ...

Coarse STEP 62 at t = 0.1010941018 (10.10941018%) starts ...

Coarse STEP 63 at t = 0.1027513822 (10.27513822%) starts ...

Coarse STEP 64 at t = 0.1044086626 (10.44086626%) starts ...

Coarse STEP 65 at t = 0.106065943 (10.6065943%) starts ...

Coarse STEP 66 at t = 0.1077232233 (10.77232233%) starts ...

Coarse STEP 67 at t = 0.1093805037 (10.93805037%) starts ...

Coarse STEP 68 at t = 0.1110377841 (11.10377841%) starts ...

Coarse STEP 69 at t = 0.1126950644 (11.26950644%) starts ...

Coarse STEP 70 at t = 0.1143523448 (11.43523448%) starts ...

Coarse STEP 71 at t = 0.1160096252 (11.60096252%) starts ...

Coarse STEP 72 at t = 0.1176669056 (11.76669056%) starts ...

Coarse STEP 73 at t = 0.1193241859 (11.93241859%) starts ...

Coarse STEP 74 at t = 0.1209814663 (12.09814663%) starts ...

Coarse STEP 75 at t = 0.1226387467 (12.26387467%) starts ...

Coarse STEP 76 at t = 0.1242960271 (12.42960271%) starts ...

Coarse STEP 77 at t = 0.1259533074 (12.59533074%) starts ...

Coarse STEP 78 at t = 0.1276105878 (12.76105878%) starts ...

Coarse STEP 79 at t = 0.1292678682 (12.92678682%) starts ...

Coarse STEP 80 at t = 0.1309251486 (13.09251486%) starts ...

Coarse STEP 81 at t = 0.1325824289 (13.25824289%) starts ...

Coarse STEP 82 at t = 0.1342397093 (13.42397093%) starts ...

Coarse STEP 83 at t = 0.1358969897 (13.58969897%) starts ...

Coarse STEP 84 at t = 0.1375542701 (13.75542701%) starts ...

Coarse STEP 85 at t = 0.1392115504 (13.92115504%) starts ...

Coarse STEP 86 at t = 0.1408688308 (14.08688308%) starts ...

Coarse STEP 87 at t = 0.1425261112 (14.25261112%) starts ...

Coarse STEP 88 at t = 0.1441833916 (14.41833916%) starts ...

Coarse STEP 89 at t = 0.145840672 (14.5840672%) starts ...

Coarse STEP 90 at t = 0.1474979523 (14.74979523%) starts ...

Coarse STEP 91 at t = 0.1491552327 (14.91552327%) starts ...

Coarse STEP 92 at t = 0.1508125131 (15.08125131%) starts ...

Coarse STEP 93 at t = 0.1524697935 (15.24697935%) starts ...

Coarse STEP 94 at t = 0.1541270739 (15.41270739%) starts ...

Coarse STEP 95 at t = 0.1557843542 (15.57843542%) starts ...

Coarse STEP 96 at t = 0.1574416346 (15.74416346%) starts ...

Coarse STEP 97 at t = 0.159098915 (15.9098915%) starts ...

Coarse STEP 98 at t = 0.1607561954 (16.07561954%) starts ...

Coarse STEP 99 at t = 0.1624134758 (16.24134758%) starts ...

Coarse STEP 100 at t = 0.1640707562 (16.40707562%) starts ...

Coarse STEP 101 at t = 0.1657280365 (16.57280365%) starts ...

Coarse STEP 102 at t = 0.1673853169 (16.73853169%) starts ...

Coarse STEP 103 at t = 0.1690425973 (16.90425973%) starts ...

Coarse STEP 104 at t = 0.1706998777 (17.06998777%) starts ...

Coarse STEP 105 at t = 0.1723571581 (17.23571581%) starts ...

Coarse STEP 106 at t = 0.1740144385 (17.40144385%) starts ...

Coarse STEP 107 at t = 0.1756717189 (17.56717189%) starts ...

Coarse STEP 108 at t = 0.1773289992 (17.73289992%) starts ...

Coarse STEP 109 at t = 0.1789862796 (17.89862796%) starts ...

Coarse STEP 110 at t = 0.18064356 (18.064356%) starts ...

Coarse STEP 111 at t = 0.1823008404 (18.23008404%) starts ...

Coarse STEP 112 at t = 0.1839581208 (18.39581208%) starts ...

Coarse STEP 113 at t = 0.1856154012 (18.56154012%) starts ...

Coarse STEP 114 at t = 0.1872726816 (18.72726816%) starts ...

Coarse STEP 115 at t = 0.188929962 (18.8929962%) starts ...

Coarse STEP 116 at t = 0.1905872424 (19.05872424%) starts ...

Coarse STEP 117 at t = 0.1922445227 (19.22445227%) starts ...

Coarse STEP 118 at t = 0.1939018031 (19.39018031%) starts ...

Coarse STEP 119 at t = 0.1955590835 (19.55590835%) starts ...

Coarse STEP 120 at t = 0.1972163639 (19.72163639%) starts ...

Coarse STEP 121 at t = 0.1988736443 (19.88736443%) starts ...

Coarse STEP 122 at t = 0.2005309247 (20.05309247%) starts ...

Coarse STEP 123 at t = 0.2021882051 (20.21882051%) starts ...

Coarse STEP 124 at t = 0.2038454855 (20.38454855%) starts ...

Coarse STEP 125 at t = 0.2055027659 (20.55027659%) starts ...

Coarse STEP 126 at t = 0.2071600463 (20.71600463%) starts ...

Coarse STEP 127 at t = 0.2088173267 (20.88173267%) starts ...

Coarse STEP 128 at t = 0.2104746071 (21.04746071%) starts ...

Coarse STEP 129 at t = 0.2121318874 (21.21318874%) starts ...

Coarse STEP 130 at t = 0.2137891678 (21.37891678%) starts ...

Coarse STEP 131 at t = 0.2154464482 (21.54464482%) starts ...

Coarse STEP 132 at t = 0.2171037286 (21.71037286%) starts ...

Coarse STEP 133 at t = 0.218761009 (21.8761009%) starts ...

Coarse STEP 134 at t = 0.2204182894 (22.04182894%) starts ...

Coarse STEP 135 at t = 0.2220755698 (22.20755698%) starts ...

Coarse STEP 136 at t = 0.2237328502 (22.37328502%) starts ...

Coarse STEP 137 at t = 0.2253901306 (22.53901306%) starts ...

Coarse STEP 138 at t = 0.227047411 (22.7047411%) starts ...

Coarse STEP 139 at t = 0.2287046914 (22.87046914%) starts ...

Coarse STEP 140 at t = 0.2303619718 (23.03619718%) starts ...

Coarse STEP 141 at t = 0.2320192522 (23.20192522%) starts ...

Coarse STEP 142 at t = 0.2336765326 (23.36765326%) starts ...

Coarse STEP 143 at t = 0.235333813 (23.5333813%) starts ...

Coarse STEP 144 at t = 0.2369910934 (23.69910934%) starts ...

Coarse STEP 145 at t = 0.2386483738 (23.86483738%) starts ...

Coarse STEP 146 at t = 0.2403056542 (24.03056542%) starts ...

Coarse STEP 147 at t = 0.2419629346 (24.19629346%) starts ...

Coarse STEP 148 at t = 0.243620215 (24.3620215%) starts ...

Coarse STEP 149 at t = 0.2452774954 (24.52774954%) starts ...

Coarse STEP 150 at t = 0.2469347758 (24.69347758%) starts ...

Coarse STEP 151 at t = 0.2485920562 (24.85920562%) starts ...

Coarse STEP 152 at t = 0.2502493366 (25.02493366%) starts ...

Coarse STEP 153 at t = 0.251906617 (25.1906617%) starts ...

Coarse STEP 154 at t = 0.2535638974 (25.35638974%) starts ...

Coarse STEP 155 at t = 0.2552211778 (25.52211778%) starts ...

Coarse STEP 156 at t = 0.2568784582 (25.68784582%) starts ...

Coarse STEP 157 at t = 0.2585357386 (25.85357386%) starts ...

Coarse STEP 158 at t = 0.260193019 (26.0193019%) starts ...

Coarse STEP 159 at t = 0.2618502995 (26.18502995%) starts ...

Coarse STEP 160 at t = 0.2635075799 (26.35075799%) starts ...

Coarse STEP 161 at t = 0.2651648603 (26.51648603%) starts ...

Coarse STEP 162 at t = 0.2668221407 (26.68221407%) starts ...

Coarse STEP 163 at t = 0.2684794211 (26.84794211%) starts ...

Coarse STEP 164 at t = 0.2701367015 (27.01367015%) starts ...

Coarse STEP 165 at t = 0.2717939819 (27.17939819%) starts ...

Coarse STEP 166 at t = 0.2734512623 (27.34512623%) starts ...

Coarse STEP 167 at t = 0.2751085427 (27.51085427%) starts ...

Coarse STEP 168 at t = 0.2767658231 (27.67658231%) starts ...

Coarse STEP 169 at t = 0.2784231035 (27.84231035%) starts ...

Coarse STEP 170 at t = 0.2800803839 (28.00803839%) starts ...

Coarse STEP 171 at t = 0.2817376643 (28.17376643%) starts ...

Coarse STEP 172 at t = 0.2833949448 (28.33949448%) starts ...

Coarse STEP 173 at t = 0.2850522252 (28.50522252%) starts ...

Coarse STEP 174 at t = 0.2867095056 (28.67095056%) starts ...

Coarse STEP 175 at t = 0.288366786 (28.8366786%) starts ...

Coarse STEP 176 at t = 0.2900240664 (29.00240664%) starts ...

Coarse STEP 177 at t = 0.2916813468 (29.16813468%) starts ...

Coarse STEP 178 at t = 0.2933386272 (29.33386272%) starts ...

Coarse STEP 179 at t = 0.2949959076 (29.49959076%) starts ...

Coarse STEP 180 at t = 0.2966531881 (29.66531881%) starts ...

Coarse STEP 181 at t = 0.2983104685 (29.83104685%) starts ...

Coarse STEP 182 at t = 0.2999677489 (29.99677489%) starts ...

Coarse STEP 183 at t = 0.3016250293 (30.16250293%) starts ...

Coarse STEP 184 at t = 0.3032823097 (30.32823097%) starts ...

Coarse STEP 185 at t = 0.3049395901 (30.49395901%) starts ...

Coarse STEP 186 at t = 0.3065968705 (30.65968705%) starts ...

Coarse STEP 187 at t = 0.308254151 (30.8254151%) starts ...

Coarse STEP 188 at t = 0.3099114314 (30.99114314%) starts ...

Coarse STEP 189 at t = 0.3115687118 (31.15687118%) starts ...

Coarse STEP 190 at t = 0.3132259922 (31.32259922%) starts ...

Coarse STEP 191 at t = 0.3148832726 (31.48832726%) starts ...

Coarse STEP 192 at t = 0.316540553 (31.6540553%) starts ...

Coarse STEP 193 at t = 0.3181978335 (31.81978335%) starts ...

Coarse STEP 194 at t = 0.3198551139 (31.98551139%) starts ...

Coarse STEP 195 at t = 0.3215123943 (32.15123943%) starts ...

Coarse STEP 196 at t = 0.3231696747 (32.31696747%) starts ...

Coarse STEP 197 at t = 0.3248269551 (32.48269551%) starts ...

Coarse STEP 198 at t = 0.3264842355 (32.64842355%) starts ...

Coarse STEP 199 at t = 0.328141516 (32.8141516%) starts ...

Coarse STEP 200 at t = 0.3297987964 (32.97987964%) starts ...

Coarse STEP 201 at t = 0.3314560768 (33.14560768%) starts ...

Coarse STEP 202 at t = 0.3331133572 (33.31133572%) starts ...

Coarse STEP 203 at t = 0.3347706376 (33.47706376%) starts ...

Coarse STEP 204 at t = 0.3364279181 (33.64279181%) starts ...

Coarse STEP 205 at t = 0.3380851985 (33.80851985%) starts ...

Coarse STEP 206 at t = 0.3397424789 (33.97424789%) starts ...

Coarse STEP 207 at t = 0.3413997593 (34.13997593%) starts ...

Coarse STEP 208 at t = 0.3430570398 (34.30570398%) starts ...

Coarse STEP 209 at t = 0.3447143202 (34.47143202%) starts ...

Coarse STEP 210 at t = 0.3463716006 (34.63716006%) starts ...

Coarse STEP 211 at t = 0.348028881 (34.8028881%) starts ...

Coarse STEP 212 at t = 0.3496861615 (34.96861615%) starts ...

Coarse STEP 213 at t = 0.3513434419 (35.13434419%) starts ...

Coarse STEP 214 at t = 0.3530007223 (35.30007223%) starts ...

Coarse STEP 215 at t = 0.3546580027 (35.46580027%) starts ...

Coarse STEP 216 at t = 0.3563152832 (35.63152832%) starts ...

Coarse STEP 217 at t = 0.3579725636 (35.79725636%) starts ...

Coarse STEP 218 at t = 0.359629844 (35.9629844%) starts ...

Coarse STEP 219 at t = 0.3612871244 (36.12871244%) starts ...

Coarse STEP 220 at t = 0.3629444049 (36.29444049%) starts ...

Coarse STEP 221 at t = 0.3646016853 (36.46016853%) starts ...

Coarse STEP 222 at t = 0.3662589657 (36.62589657%) starts ...

Coarse STEP 223 at t = 0.3679162462 (36.79162462%) starts ...

Coarse STEP 224 at t = 0.3695735266 (36.95735266%) starts ...

Coarse STEP 225 at t = 0.371230807 (37.1230807%) starts ...

Coarse STEP 226 at t = 0.3728880874 (37.28880874%) starts ...

Coarse STEP 227 at t = 0.3745453679 (37.45453679%) starts ...

Coarse STEP 228 at t = 0.3762026483 (37.62026483%) starts ...

Coarse STEP 229 at t = 0.3778599287 (37.78599287%) starts ...

Coarse STEP 230 at t = 0.3795172092 (37.95172092%) starts ...

Coarse STEP 231 at t = 0.3811744896 (38.11744896%) starts ...

Coarse STEP 232 at t = 0.38283177 (38.283177%) starts ...

Coarse STEP 233 at t = 0.3844890505 (38.44890505%) starts ...

Coarse STEP 234 at t = 0.3861463309 (38.61463309%) starts ...

Coarse STEP 235 at t = 0.3878036113 (38.78036113%) starts ...

Coarse STEP 236 at t = 0.3894608918 (38.94608918%) starts ...

Coarse STEP 237 at t = 0.3911181722 (39.11181722%) starts ...

Coarse STEP 238 at t = 0.3927754526 (39.27754526%) starts ...

Coarse STEP 239 at t = 0.3944327331 (39.44327331%) starts ...

Coarse STEP 240 at t = 0.3960900135 (39.60900135%) starts ...

Coarse STEP 241 at t = 0.3977472939 (39.77472939%) starts ...

Coarse STEP 242 at t = 0.3994045744 (39.94045744%) starts ...

Coarse STEP 243 at t = 0.4010618548 (40.10618548%) starts ...

Coarse STEP 244 at t = 0.4027191352 (40.27191352%) starts ...

Coarse STEP 245 at t = 0.4043764157 (40.43764157%) starts ...

Coarse STEP 246 at t = 0.4060336961 (40.60336961%) starts ...

Coarse STEP 247 at t = 0.4076909765 (40.76909765%) starts ...

Coarse STEP 248 at t = 0.409348257 (40.9348257%) starts ...

Coarse STEP 249 at t = 0.4110055374 (41.10055374%) starts ...

Coarse STEP 250 at t = 0.4126628179 (41.26628179%) starts ...

Coarse STEP 251 at t = 0.4143200983 (41.43200983%) starts ...

Coarse STEP 252 at t = 0.4159773787 (41.59773787%) starts ...

Coarse STEP 253 at t = 0.4176346592 (41.76346592%) starts ...

Coarse STEP 254 at t = 0.4192919396 (41.92919396%) starts ...

Coarse STEP 255 at t = 0.42094922 (42.094922%) starts ...

Coarse STEP 256 at t = 0.4226065005 (42.26065005%) starts ...

Coarse STEP 257 at t = 0.4242637809 (42.42637809%) starts ...

Coarse STEP 258 at t = 0.4259210614 (42.59210614%) starts ...

Coarse STEP 259 at t = 0.4275783418 (42.75783418%) starts ...

Coarse STEP 260 at t = 0.4292356223 (42.92356223%) starts ...

Coarse STEP 261 at t = 0.4308929027 (43.08929027%) starts ...

Coarse STEP 262 at t = 0.4325501831 (43.25501831%) starts ...

Coarse STEP 263 at t = 0.4342074636 (43.42074636%) starts ...

Coarse STEP 264 at t = 0.435864744 (43.5864744%) starts ...

Coarse STEP 265 at t = 0.4375220245 (43.75220245%) starts ...

Coarse STEP 266 at t = 0.4391793049 (43.91793049%) starts ...

Coarse STEP 267 at t = 0.4408365854 (44.08365854%) starts ...

Coarse STEP 268 at t = 0.4424938658 (44.24938658%) starts ...

Coarse STEP 269 at t = 0.4441511462 (44.41511462%) starts ...

Coarse STEP 270 at t = 0.4458084267 (44.58084267%) starts ...

Coarse STEP 271 at t = 0.4474657071 (44.74657071%) starts ...

Coarse STEP 272 at t = 0.4491229876 (44.91229876%) starts ...

Coarse STEP 273 at t = 0.450780268 (45.0780268%) starts ...

Coarse STEP 274 at t = 0.4524375485 (45.24375485%) starts ...

Coarse STEP 275 at t = 0.4540948289 (45.40948289%) starts ...

Coarse STEP 276 at t = 0.4557521094 (45.57521094%) starts ...

Coarse STEP 277 at t = 0.4574093898 (45.74093898%) starts ...

Coarse STEP 278 at t = 0.4590666703 (45.90666703%) starts ...

Coarse STEP 279 at t = 0.4607239507 (46.07239507%) starts ...

Coarse STEP 280 at t = 0.4623812312 (46.23812312%) starts ...

Coarse STEP 281 at t = 0.4640385116 (46.40385116%) starts ...

Coarse STEP 282 at t = 0.4656957921 (46.56957921%) starts ...

Coarse STEP 283 at t = 0.4673530725 (46.73530725%) starts ...

Coarse STEP 284 at t = 0.469010353 (46.9010353%) starts ...

Coarse STEP 285 at t = 0.4706676334 (47.06676334%) starts ...

Coarse STEP 286 at t = 0.4723249139 (47.23249139%) starts ...

Coarse STEP 287 at t = 0.4739821943 (47.39821943%) starts ...

Coarse STEP 288 at t = 0.4756394748 (47.56394748%) starts ...

Coarse STEP 289 at t = 0.4772967552 (47.72967552%) starts ...

Coarse STEP 290 at t = 0.4789540357 (47.89540357%) starts ...

Coarse STEP 291 at t = 0.4806113161 (48.06113161%) starts ...

Coarse STEP 292 at t = 0.4822685966 (48.22685966%) starts ...

Coarse STEP 293 at t = 0.483925877 (48.3925877%) starts ...

Coarse STEP 294 at t = 0.4855831575 (48.55831575%) starts ...

Coarse STEP 295 at t = 0.4872404379 (48.72404379%) starts ...

Coarse STEP 296 at t = 0.4888977184 (48.88977184%) starts ...

Coarse STEP 297 at t = 0.4905549988 (49.05549988%) starts ...

Coarse STEP 298 at t = 0.4922122793 (49.22122793%) starts ...

Coarse STEP 299 at t = 0.4938695597 (49.38695597%) starts ...

Coarse STEP 300 at t = 0.4955268402 (49.55268402%) starts ...

Coarse STEP 301 at t = 0.4971841207 (49.71841207%) starts ...

Coarse STEP 302 at t = 0.4988414011 (49.88414011%) starts ...

Coarse STEP 303 at t = 0.5004986816 (50.04986816%) starts ...

Coarse STEP 304 at t = 0.502155962 (50.2155962%) starts ...

Coarse STEP 305 at t = 0.5038132425 (50.38132425%) starts ...

Coarse STEP 306 at t = 0.5054705229 (50.54705229%) starts ...

Coarse STEP 307 at t = 0.5071278034 (50.71278034%) starts ...

Coarse STEP 308 at t = 0.5087850839 (50.87850839%) starts ...

Coarse STEP 309 at t = 0.5104423643 (51.04423643%) starts ...

Coarse STEP 310 at t = 0.5120996448 (51.20996448%) starts ...

Coarse STEP 311 at t = 0.5137569252 (51.37569252%) starts ...

Coarse STEP 312 at t = 0.5154142057 (51.54142057%) starts ...

Coarse STEP 313 at t = 0.5170714862 (51.70714862%) starts ...

Coarse STEP 314 at t = 0.5187287666 (51.87287666%) starts ...

Coarse STEP 315 at t = 0.5203860471 (52.03860471%) starts ...

Coarse STEP 316 at t = 0.5220433275 (52.20433275%) starts ...

Coarse STEP 317 at t = 0.523700608 (52.3700608%) starts ...

Coarse STEP 318 at t = 0.5253578885 (52.53578885%) starts ...

Coarse STEP 319 at t = 0.5270151689 (52.70151689%) starts ...

Coarse STEP 320 at t = 0.5286724494 (52.86724494%) starts ...

Coarse STEP 321 at t = 0.5303297298 (53.03297298%) starts ...

Coarse STEP 322 at t = 0.5319870103 (53.19870103%) starts ...

Coarse STEP 323 at t = 0.5336442908 (53.36442908%) starts ...

Coarse STEP 324 at t = 0.5353015712 (53.53015712%) starts ...

Coarse STEP 325 at t = 0.5369588517 (53.69588517%) starts ...

Coarse STEP 326 at t = 0.5386161322 (53.86161322%) starts ...

Coarse STEP 327 at t = 0.5402734126 (54.02734126%) starts ...

Coarse STEP 328 at t = 0.5419306931 (54.19306931%) starts ...

Coarse STEP 329 at t = 0.5435879736 (54.35879736%) starts ...

Coarse STEP 330 at t = 0.545245254 (54.5245254%) starts ...

Coarse STEP 331 at t = 0.5469025345 (54.69025345%) starts ...

Coarse STEP 332 at t = 0.548559815 (54.8559815%) starts ...

Coarse STEP 333 at t = 0.5502170954 (55.02170954%) starts ...

Coarse STEP 334 at t = 0.5518743759 (55.18743759%) starts ...

Coarse STEP 335 at t = 0.5535316564 (55.35316564%) starts ...

Coarse STEP 336 at t = 0.5551889368 (55.51889368%) starts ...

Coarse STEP 337 at t = 0.5568462173 (55.68462173%) starts ...

Coarse STEP 338 at t = 0.5585034978 (55.85034978%) starts ...

Coarse STEP 339 at t = 0.5601607782 (56.01607782%) starts ...

Coarse STEP 340 at t = 0.5618180587 (56.18180587%) starts ...

Coarse STEP 341 at t = 0.5634753392 (56.34753392%) starts ...

Coarse STEP 342 at t = 0.5651326196 (56.51326196%) starts ...

Coarse STEP 343 at t = 0.5667899001 (56.67899001%) starts ...

Coarse STEP 344 at t = 0.5684471806 (56.84471806%) starts ...

Coarse STEP 345 at t = 0.5701044611 (57.01044611%) starts ...

Coarse STEP 346 at t = 0.5717617415 (57.17617415%) starts ...

Coarse STEP 347 at t = 0.573419022 (57.3419022%) starts ...

Coarse STEP 348 at t = 0.5750763025 (57.50763025%) starts ...

Coarse STEP 349 at t = 0.5767335829 (57.67335829%) starts ...

Coarse STEP 350 at t = 0.5783908634 (57.83908634%) starts ...

Coarse STEP 351 at t = 0.5800481439 (58.00481439%) starts ...

Coarse STEP 352 at t = 0.5817054244 (58.17054244%) starts ...

Coarse STEP 353 at t = 0.5833627048 (58.33627048%) starts ...

Coarse STEP 354 at t = 0.5850199853 (58.50199853%) starts ...

Coarse STEP 355 at t = 0.5866772658 (58.66772658%) starts ...

Coarse STEP 356 at t = 0.5883345463 (58.83345463%) starts ...

Coarse STEP 357 at t = 0.5899918267 (58.99918267%) starts ...

Coarse STEP 358 at t = 0.5916491072 (59.16491072%) starts ...

Coarse STEP 359 at t = 0.5933063877 (59.33063877%) starts ...

Coarse STEP 360 at t = 0.5949636682 (59.49636682%) starts ...

Coarse STEP 361 at t = 0.5966209486 (59.66209486%) starts ...

Coarse STEP 362 at t = 0.5982782291 (59.82782291%) starts ...

Coarse STEP 363 at t = 0.5999355096 (59.99355096%) starts ...

Coarse STEP 364 at t = 0.6015927901 (60.15927901%) starts ...

Coarse STEP 365 at t = 0.6032500705 (60.32500705%) starts ...

Coarse STEP 366 at t = 0.604907351 (60.4907351%) starts ...

Coarse STEP 367 at t = 0.6065646315 (60.65646315%) starts ...

Coarse STEP 368 at t = 0.608221912 (60.8221912%) starts ...

Coarse STEP 369 at t = 0.6098791925 (60.98791925%) starts ...

Coarse STEP 370 at t = 0.6115364729 (61.15364729%) starts ...

Coarse STEP 371 at t = 0.6131937534 (61.31937534%) starts ...

Coarse STEP 372 at t = 0.6148510339 (61.48510339%) starts ...

Coarse STEP 373 at t = 0.6165083144 (61.65083144%) starts ...

Coarse STEP 374 at t = 0.6181655949 (61.81655949%) starts ...

Coarse STEP 375 at t = 0.6198228753 (61.98228753%) starts ...

Coarse STEP 376 at t = 0.6214801558 (62.14801558%) starts ...

Coarse STEP 377 at t = 0.6231374363 (62.31374363%) starts ...

Coarse STEP 378 at t = 0.6247947168 (62.47947168%) starts ...

Coarse STEP 379 at t = 0.6264519973 (62.64519973%) starts ...

Coarse STEP 380 at t = 0.6281092778 (62.81092778%) starts ...

Coarse STEP 381 at t = 0.6297665582 (62.97665582%) starts ...

Coarse STEP 382 at t = 0.6314238387 (63.14238387%) starts ...

Coarse STEP 383 at t = 0.6330811192 (63.30811192%) starts ...

Coarse STEP 384 at t = 0.6347383997 (63.47383997%) starts ...

Coarse STEP 385 at t = 0.6363956802 (63.63956802%) starts ...

Coarse STEP 386 at t = 0.6380529607 (63.80529607%) starts ...

Coarse STEP 387 at t = 0.6397102411 (63.97102411%) starts ...

Coarse STEP 388 at t = 0.6413675216 (64.13675216%) starts ...

Coarse STEP 389 at t = 0.6430248021 (64.30248021%) starts ...

Coarse STEP 390 at t = 0.6446820826 (64.46820826%) starts ...

Coarse STEP 391 at t = 0.6463393631 (64.63393631%) starts ...

Coarse STEP 392 at t = 0.6479966436 (64.79966436%) starts ...

Coarse STEP 393 at t = 0.6496539241 (64.96539241%) starts ...

Coarse STEP 394 at t = 0.6513112046 (65.13112046%) starts ...

Coarse STEP 395 at t = 0.652968485 (65.2968485%) starts ...

Coarse STEP 396 at t = 0.6546257655 (65.46257655%) starts ...

Coarse STEP 397 at t = 0.656283046 (65.6283046%) starts ...

Coarse STEP 398 at t = 0.6579403265 (65.79403265%) starts ...

Coarse STEP 399 at t = 0.659597607 (65.9597607%) starts ...

Coarse STEP 400 at t = 0.6612548875 (66.12548875%) starts ...

Coarse STEP 401 at t = 0.662912168 (66.2912168%) starts ...

Coarse STEP 402 at t = 0.6645694485 (66.45694485%) starts ...

Coarse STEP 403 at t = 0.666226729 (66.6226729%) starts ...

Coarse STEP 404 at t = 0.6678840094 (66.78840094%) starts ...

Coarse STEP 405 at t = 0.6695412899 (66.95412899%) starts ...

Coarse STEP 406 at t = 0.6711985704 (67.11985704%) starts ...

Coarse STEP 407 at t = 0.6728558509 (67.28558509%) starts ...

Coarse STEP 408 at t = 0.6745131314 (67.45131314%) starts ...

Coarse STEP 409 at t = 0.6761704119 (67.61704119%) starts ...

Coarse STEP 410 at t = 0.6778276924 (67.78276924%) starts ...

Coarse STEP 411 at t = 0.6794849729 (67.94849729%) starts ...

Coarse STEP 412 at t = 0.6811422534 (68.11422534%) starts ...

Coarse STEP 413 at t = 0.6827995339 (68.27995339%) starts ...

Coarse STEP 414 at t = 0.6844568144 (68.44568144%) starts ...

Coarse STEP 415 at t = 0.6861140949 (68.61140949%) starts ...

Coarse STEP 416 at t = 0.6877713754 (68.77713754%) starts ...

Coarse STEP 417 at t = 0.6894286559 (68.94286559%) starts ...

Coarse STEP 418 at t = 0.6910859364 (69.10859364%) starts ...

Coarse STEP 419 at t = 0.6927432169 (69.27432169%) starts ...

Coarse STEP 420 at t = 0.6944004973 (69.44004973%) starts ...

Coarse STEP 421 at t = 0.6960577778 (69.60577778%) starts ...

Coarse STEP 422 at t = 0.6977150583 (69.77150583%) starts ...

Coarse STEP 423 at t = 0.6993723388 (69.93723388%) starts ...

Coarse STEP 424 at t = 0.7010296193 (70.10296193%) starts ...

Coarse STEP 425 at t = 0.7026868998 (70.26868998%) starts ...

Coarse STEP 426 at t = 0.7043441803 (70.43441803%) starts ...

Coarse STEP 427 at t = 0.7060014608 (70.60014608%) starts ...

Coarse STEP 428 at t = 0.7076587413 (70.76587413%) starts ...

Coarse STEP 429 at t = 0.7093160218 (70.93160218%) starts ...

Coarse STEP 430 at t = 0.7109733023 (71.09733023%) starts ...

Coarse STEP 431 at t = 0.7126305828 (71.26305828%) starts ...

Coarse STEP 432 at t = 0.7142878633 (71.42878633%) starts ...

Coarse STEP 433 at t = 0.7159451438 (71.59451438%) starts ...

Coarse STEP 434 at t = 0.7176024243 (71.76024243%) starts ...

Coarse STEP 435 at t = 0.7192597048 (71.92597048%) starts ...

Coarse STEP 436 at t = 0.7209169853 (72.09169853%) starts ...

Coarse STEP 437 at t = 0.7225742658 (72.25742658%) starts ...

Coarse STEP 438 at t = 0.7242315463 (72.42315463%) starts ...

Coarse STEP 439 at t = 0.7258888268 (72.58888268%) starts ...

Coarse STEP 440 at t = 0.7275461073 (72.75461073%) starts ...

Coarse STEP 441 at t = 0.7292033879 (72.92033879%) starts ...

Coarse STEP 442 at t = 0.7308606684 (73.08606684%) starts ...

Coarse STEP 443 at t = 0.7325179489 (73.25179489%) starts ...

Coarse STEP 444 at t = 0.7341752294 (73.41752294%) starts ...

Coarse STEP 445 at t = 0.7358325099 (73.58325099%) starts ...

Coarse STEP 446 at t = 0.7374897904 (73.74897904%) starts ...

Coarse STEP 447 at t = 0.7391470709 (73.91470709%) starts ...

Coarse STEP 448 at t = 0.7408043514 (74.08043514%) starts ...

Coarse STEP 449 at t = 0.7424616319 (74.24616319%) starts ...

Coarse STEP 450 at t = 0.7441189124 (74.41189124%) starts ...

Coarse STEP 451 at t = 0.7457761929 (74.57761929%) starts ...

Coarse STEP 452 at t = 0.7474334734 (74.74334734%) starts ...

Coarse STEP 453 at t = 0.7490907539 (74.90907539%) starts ...

Coarse STEP 454 at t = 0.7507480344 (75.07480344%) starts ...

Coarse STEP 455 at t = 0.7524053149 (75.24053149%) starts ...

Coarse STEP 456 at t = 0.7540625954 (75.40625954%) starts ...

Coarse STEP 457 at t = 0.755719876 (75.5719876%) starts ...

Coarse STEP 458 at t = 0.7573771565 (75.73771565%) starts ...

Coarse STEP 459 at t = 0.759034437 (75.9034437%) starts ...

Coarse STEP 460 at t = 0.7606917175 (76.06917175%) starts ...

Coarse STEP 461 at t = 0.762348998 (76.2348998%) starts ...

Coarse STEP 462 at t = 0.7640062785 (76.40062785%) starts ...

Coarse STEP 463 at t = 0.765663559 (76.5663559%) starts ...

Coarse STEP 464 at t = 0.7673208395 (76.73208395%) starts ...

Coarse STEP 465 at t = 0.76897812 (76.897812%) starts ...

Coarse STEP 466 at t = 0.7706354005 (77.06354005%) starts ...

Coarse STEP 467 at t = 0.7722926811 (77.22926811%) starts ...

Coarse STEP 468 at t = 0.7739499616 (77.39499616%) starts ...

Coarse STEP 469 at t = 0.7756072421 (77.56072421%) starts ...

Coarse STEP 470 at t = 0.7772645226 (77.72645226%) starts ...

Coarse STEP 471 at t = 0.7789218031 (77.89218031%) starts ...

Coarse STEP 472 at t = 0.7805790836 (78.05790836%) starts ...

Coarse STEP 473 at t = 0.7822363641 (78.22363641%) starts ...

Coarse STEP 474 at t = 0.7838936447 (78.38936447%) starts ...

Coarse STEP 475 at t = 0.7855509252 (78.55509252%) starts ...

Coarse STEP 476 at t = 0.7872082057 (78.72082057%) starts ...

Coarse STEP 477 at t = 0.7888654862 (78.88654862%) starts ...

Coarse STEP 478 at t = 0.7905227667 (79.05227667%) starts ...

Coarse STEP 479 at t = 0.7921800472 (79.21800472%) starts ...

Coarse STEP 480 at t = 0.7938373277 (79.38373277%) starts ...

Coarse STEP 481 at t = 0.7954946083 (79.54946083%) starts ...

Coarse STEP 482 at t = 0.7971518888 (79.71518888%) starts ...

Coarse STEP 483 at t = 0.7988091693 (79.88091693%) starts ...

Coarse STEP 484 at t = 0.8004664498 (80.04664498%) starts ...

Coarse STEP 485 at t = 0.8021237303 (80.21237303%) starts ...

Coarse STEP 486 at t = 0.8037810109 (80.37810109%) starts ...

Coarse STEP 487 at t = 0.8054382914 (80.54382914%) starts ...

Coarse STEP 488 at t = 0.8070955719 (80.70955719%) starts ...

Coarse STEP 489 at t = 0.8087528524 (80.87528524%) starts ...

Coarse STEP 490 at t = 0.8104101329 (81.04101329%) starts ...

Coarse STEP 491 at t = 0.8120674134 (81.20674134%) starts ...

Coarse STEP 492 at t = 0.813724694 (81.3724694%) starts ...

Coarse STEP 493 at t = 0.8153819745 (81.53819745%) starts ...

Coarse STEP 494 at t = 0.817039255 (81.7039255%) starts ...

Coarse STEP 495 at t = 0.8186965355 (81.86965355%) starts ...

Coarse STEP 496 at t = 0.8203538161 (82.03538161%) starts ...

Coarse STEP 497 at t = 0.8220110966 (82.20110966%) starts ...

Coarse STEP 498 at t = 0.8236683771 (82.36683771%) starts ...

Coarse STEP 499 at t = 0.8253256576 (82.53256576%) starts ...

Coarse STEP 500 at t = 0.8269829381 (82.69829381%) starts ...

Coarse STEP 501 at t = 0.8286402187 (82.86402187%) starts ...

Coarse STEP 502 at t = 0.8302974992 (83.02974992%) starts ...

Coarse STEP 503 at t = 0.8319547797 (83.19547797%) starts ...

Coarse STEP 504 at t = 0.8336120602 (83.36120602%) starts ...

Coarse STEP 505 at t = 0.8352693408 (83.52693408%) starts ...

Coarse STEP 506 at t = 0.8369266213 (83.69266213%) starts ...

Coarse STEP 507 at t = 0.8385839018 (83.85839018%) starts ...

Coarse STEP 508 at t = 0.8402411823 (84.02411823%) starts ...

Coarse STEP 509 at t = 0.8418984629 (84.18984629%) starts ...

Coarse STEP 510 at t = 0.8435557434 (84.35557434%) starts ...

Coarse STEP 511 at t = 0.8452130239 (84.52130239%) starts ...

Coarse STEP 512 at t = 0.8468703044 (84.68703044%) starts ...

Coarse STEP 513 at t = 0.848527585 (84.8527585%) starts ...

Coarse STEP 514 at t = 0.8501848655 (85.01848655%) starts ...

Coarse STEP 515 at t = 0.851842146 (85.1842146%) starts ...

Coarse STEP 516 at t = 0.8534994266 (85.34994266%) starts ...

Coarse STEP 517 at t = 0.8551567071 (85.51567071%) starts ...

Coarse STEP 518 at t = 0.8568139876 (85.68139876%) starts ...

Coarse STEP 519 at t = 0.8584712681 (85.84712681%) starts ...

Coarse STEP 520 at t = 0.8601285487 (86.01285487%) starts ...

Coarse STEP 521 at t = 0.8617858292 (86.17858292%) starts ...

Coarse STEP 522 at t = 0.8634431097 (86.34431097%) starts ...

Coarse STEP 523 at t = 0.8651003903 (86.51003903%) starts ...

Coarse STEP 524 at t = 0.8667576708 (86.67576708%) starts ...

Coarse STEP 525 at t = 0.8684149513 (86.84149513%) starts ...

Coarse STEP 526 at t = 0.8700722318 (87.00722318%) starts ...

Coarse STEP 527 at t = 0.8717295124 (87.17295124%) starts ...

Coarse STEP 528 at t = 0.8733867929 (87.33867929%) starts ...

Coarse STEP 529 at t = 0.8750440734 (87.50440734%) starts ...

Coarse STEP 530 at t = 0.876701354 (87.6701354%) starts ...

Coarse STEP 531 at t = 0.8783586345 (87.83586345%) starts ...

Coarse STEP 532 at t = 0.880015915 (88.0015915%) starts ...

Coarse STEP 533 at t = 0.8816731956 (88.16731956%) starts ...

Coarse STEP 534 at t = 0.8833304761 (88.33304761%) starts ...

Coarse STEP 535 at t = 0.8849877566 (88.49877566%) starts ...

Coarse STEP 536 at t = 0.8866450372 (88.66450372%) starts ...

Coarse STEP 537 at t = 0.8883023177 (88.83023177%) starts ...

Coarse STEP 538 at t = 0.8899595983 (88.99595983%) starts ...

Coarse STEP 539 at t = 0.8916168788 (89.16168788%) starts ...

Coarse STEP 540 at t = 0.8932741593 (89.32741593%) starts ...

Coarse STEP 541 at t = 0.8949314399 (89.49314399%) starts ...

Coarse STEP 542 at t = 0.8965887204 (89.65887204%) starts ...

Coarse STEP 543 at t = 0.8982460009 (89.82460009%) starts ...

Coarse STEP 544 at t = 0.8999032815 (89.99032815%) starts ...

Coarse STEP 545 at t = 0.901560562 (90.1560562%) starts ...

Coarse STEP 546 at t = 0.9032178425 (90.32178425%) starts ...

Coarse STEP 547 at t = 0.9048751231 (90.48751231%) starts ...

Coarse STEP 548 at t = 0.9065324036 (90.65324036%) starts ...

Coarse STEP 549 at t = 0.9081896842 (90.81896842%) starts ...

Coarse STEP 550 at t = 0.9098469647 (90.98469647%) starts ...

Coarse STEP 551 at t = 0.9115042452 (91.15042452%) starts ...

Coarse STEP 552 at t = 0.9131615258 (91.31615258%) starts ...

Coarse STEP 553 at t = 0.9148188063 (91.48188063%) starts ...

Coarse STEP 554 at t = 0.9164760869 (91.64760869%) starts ...

Coarse STEP 555 at t = 0.9181333674 (91.81333674%) starts ...

Coarse STEP 556 at t = 0.9197906479 (91.97906479%) starts ...

Coarse STEP 557 at t = 0.9214479285 (92.14479285%) starts ...

Coarse STEP 558 at t = 0.923105209 (92.3105209%) starts ...

Coarse STEP 559 at t = 0.9247624896 (92.47624896%) starts ...

Coarse STEP 560 at t = 0.9264197701 (92.64197701%) starts ...

Coarse STEP 561 at t = 0.9280770506 (92.80770506%) starts ...

Coarse STEP 562 at t = 0.9297343312 (92.97343312%) starts ...

Coarse STEP 563 at t = 0.9313916117 (93.13916117%) starts ...

Coarse STEP 564 at t = 0.9330488923 (93.30488923%) starts ...

Coarse STEP 565 at t = 0.9347061728 (93.47061728%) starts ...

Coarse STEP 566 at t = 0.9363634534 (93.63634534%) starts ...

Coarse STEP 567 at t = 0.9380207339 (93.80207339%) starts ...

Coarse STEP 568 at t = 0.9396780145 (93.96780145%) starts ...

Coarse STEP 569 at t = 0.941335295 (94.1335295%) starts ...

Coarse STEP 570 at t = 0.9429925755 (94.29925755%) starts ...

Coarse STEP 571 at t = 0.9446498561 (94.46498561%) starts ...

Coarse STEP 572 at t = 0.9463071366 (94.63071366%) starts ...

Coarse STEP 573 at t = 0.9479644172 (94.79644172%) starts ...

Coarse STEP 574 at t = 0.9496216977 (94.96216977%) starts ...

Coarse STEP 575 at t = 0.9512789783 (95.12789783%) starts ...

Coarse STEP 576 at t = 0.9529362588 (95.29362588%) starts ...

Coarse STEP 577 at t = 0.9545935394 (95.45935394%) starts ...

Coarse STEP 578 at t = 0.9562508199 (95.62508199%) starts ...

Coarse STEP 579 at t = 0.9579081005 (95.79081005%) starts ...

Coarse STEP 580 at t = 0.959565381 (95.9565381%) starts ...

Coarse STEP 581 at t = 0.9612226616 (96.12226616%) starts ...

Coarse STEP 582 at t = 0.9628799421 (96.28799421%) starts ...

Coarse STEP 583 at t = 0.9645372227 (96.45372227%) starts ...

Coarse STEP 584 at t = 0.9661945032 (96.61945032%) starts ...

Coarse STEP 585 at t = 0.9678517838 (96.78517838%) starts ...

Coarse STEP 586 at t = 0.9695090643 (96.95090643%) starts ...

Coarse STEP 587 at t = 0.9711663449 (97.11663449%) starts ...

Coarse STEP 588 at t = 0.9728236254 (97.28236254%) starts ...

Coarse STEP 589 at t = 0.974480906 (97.4480906%) starts ...

Coarse STEP 590 at t = 0.9761381865 (97.61381865%) starts ...

Coarse STEP 591 at t = 0.9777954671 (97.77954671%) starts ...

Coarse STEP 592 at t = 0.9794527476 (97.94527476%) starts ...

Coarse STEP 593 at t = 0.9811100282 (98.11100282%) starts ...

Coarse STEP 594 at t = 0.9827673087 (98.27673087%) starts ...

Coarse STEP 595 at t = 0.9844245893 (98.44245893%) starts ...

Coarse STEP 596 at t = 0.9860818698 (98.60818698%) starts ...

Coarse STEP 597 at t = 0.9877391504 (98.77391504%) starts ...

Coarse STEP 598 at t = 0.9893964309 (98.93964309%) starts ...

Coarse STEP 599 at t = 0.9910537115 (99.10537115%) starts ...

Coarse STEP 600 at t = 0.992710992 (99.2710992%) starts ...

Coarse STEP 601 at t = 0.9943682726 (99.43682726%) starts ...

Coarse STEP 602 at t = 0.9960255532 (99.60255532%) starts ...

Coarse STEP 603 at t = 0.9976828337 (99.76828337%) starts ...

Coarse STEP 604 at t = 0.9993401143 (99.93401143%) starts ...

Simulation ended at t = 1 (100%)

Initial gas+radiation energy = 1.4
Final gas+radiation energy = 1.4
	absolute conservation error = 4.751754545e-14
	relative conservation error = 3.39411039e-14


avg. num. of radiation subcycles = 0

Initial gasDensity = 1
	absolute conservation error = 0
	relative conservation error = 0

Initial x-GasMomentum = 0
	absolute conservation error = 2.018359174e-28

Initial y-GasMomentum = 0
	absolute conservation error = 0

Initial z-GasMomentum = 2.642066575e-22
	absolute conservation error = -1.05426754e-22
	relative conservation error = -0.3990314059

Initial gasEnergy = 1.4
	absolute conservation error = 4.751754545e-14
	relative conservation error = 3.39411039e-14

Initial gasInternalEnergy = 0.9
	absolute conservation error = 1.213473766e-13
	relative conservation error = 1.348304184e-13

Performance figure-of-merit: 5.754348965 μs/zone-update [0.1737816052 Mupdates/s]
Zone-updates on level 0: 4947968


Component Errors:
======================================================================
Component                      Absolute Error      Relative Error
----------------------------------------------------------------------
gasDensity                         8.2560e-13          8.2560e-13
x-GasMomentum                      8.2576e-13                 N/A
y-GasMomentum                      0.0000e+00                 N/A
z-GasMomentum                      6.1917e-11          1.1848e-04
gasEnergy                          1.2460e-12          8.9000e-13
gasInternalEnergy                  1.2385e-12          1.3761e-12
x-BField                           0.0000e+00          0.0000e+00
y-BField                           0.0000e+00                 N/A
z-BField                           6.1599e-11          1.1788e-04
----------------------------------------------------------------------
======================================================================

Relative RMS L1 error norm = 4.499541012e-11

Error norm = 4.499541012e-11
test passed
elapsed time: 28.48138816 seconds.


TinyProfiler total time across processes [min...avg...max]: 28.48 ... 28.48 ... 28.48

--------------------------------------------------------------------------------------------------
Name                                               NCalls  Excl. Min  Excl. Avg  Excl. Max   Max %
--------------------------------------------------------------------------------------------------
QuokkaSimulation::computeHydroFluxes()               1208      12.26      12.26      12.26  43.06%
HyperbolicSystem::ReconstructStatesPPM(Arrays)      76104      4.641      4.641      4.641  16.29%
HyperbolicSystem::ReconstructStatesPPM(MultiFabs)    7248      3.368      3.368      3.368  11.82%
QuokkaSimulation::computeFOHydroFluxes()              604      3.191      3.191      3.191  11.20%
MHDSystem::ComputeEMF_FelkerStone2017()              1812      1.685      1.685      1.685   5.92%
QuokkaSimulation::advanceHydroAtLevel()               604     0.8754     0.8754     0.8754   3.07%
amrex::Copy()                                        7258     0.5283     0.5283     0.5283   1.85%
FillBoundary_nowait()                                4836     0.4071     0.4071     0.4071   1.43%
FabArray::Saxpy()                                   10876     0.3534     0.3534     0.3534   1.24%
FabArray::setVal()                                   9066     0.2986     0.2986     0.2986   1.05%
MHDSystem::EMFAverage_LondrilloDelZanna2004()        5436     0.2498     0.2498     0.2498   0.88%
HydroSystem::PredictStep()                           1208     0.1841     0.1841     0.1841   0.65%
REG::HydroSolver                                      604    0.06658    0.06658    0.06658   0.23%
AMRSimulation::evolve()                                 1    0.06064    0.06064    0.06064   0.21%
MHDSystem::ReconstructTo()                          76104    0.02042    0.02042    0.02042   0.07%
QuokkaSimulation::advanceSingleTimestepAtLevel()      604   0.007262   0.007262   0.007262   0.03%
AMRSimulation::timeStepWithSubcycling()               604   0.006816   0.006816   0.006816   0.02%
AMRSimulation::fillBoundaryConditions()              4836    0.00547    0.00547    0.00547   0.02%
AMRSimulation::computeTimestepAtLevel()               604   0.004018   0.004018   0.004018   0.01%
FabArray::FillBoundary()                             4836   0.003697   0.003697   0.003697   0.01%
AMRSimulation::computeTimestep()                      604  0.0008574  0.0008574  0.0008574   0.00%
Other                                               20653     0.2583     0.2583     0.2583   0.91%
--------------------------------------------------------------------------------------------------

--------------------------------------------------------------------------------------------------
Name                                               NCalls  Incl. Min  Incl. Avg  Incl. Max   Max %
--------------------------------------------------------------------------------------------------
AMRSimulation::evolve()                                 1      28.47      28.47      28.47  99.97%
AMRSimulation::timeStepWithSubcycling()               604      28.28      28.28      28.28  99.30%
QuokkaSimulation::advanceSingleTimestepAtLevel()      604      28.27      28.27      28.27  99.27%
REG::HydroSolver                                      604      28.27      28.27      28.27  99.25%
QuokkaSimulation::advanceHydroAtLevel()               604      27.67      27.67      27.67  97.16%
QuokkaSimulation::computeHydroFluxes()               1208      15.63      15.63      15.63  54.88%
MHDSystem::ComputeEMF_FelkerStone2017()              1812      6.656      6.656      6.656  23.37%
MHDSystem::ReconstructTo()                          76104      4.661      4.661      4.661  16.37%
HyperbolicSystem::ReconstructStatesPPM(Arrays)      76104      4.641      4.641      4.641  16.29%
HyperbolicSystem::ReconstructStatesPPM(MultiFabs)    7248      3.368      3.368      3.368  11.82%
QuokkaSimulation::computeFOHydroFluxes()              604      3.191      3.191      3.191  11.20%
amrex::Copy()                                        7258     0.5283     0.5283     0.5283   1.85%
AMRSimulation::fillBoundaryConditions()              4836     0.4231     0.4231     0.4231   1.49%
FabArray::FillBoundary()                             4836     0.4176     0.4176     0.4176   1.47%
FillBoundary_nowait()                                4836     0.4124     0.4124     0.4124   1.45%
FabArray::Saxpy()                                   10876     0.3534     0.3534     0.3534   1.24%
FabArray::setVal()                                   9066     0.2986     0.2986     0.2986   1.05%
MHDSystem::EMFAverage_LondrilloDelZanna2004()        5436     0.2498     0.2498     0.2498   0.88%
HydroSystem::PredictStep()                           1208     0.1841     0.1841     0.1841   0.65%
AMRSimulation::computeTimestep()                      604     0.1279     0.1279     0.1279   0.45%
AMRSimulation::computeTimestepAtLevel()               604      0.127      0.127      0.127   0.45%
Other                                               20653     0.2664     0.2664     0.2664   0.94%
--------------------------------------------------------------------------------------------------



BEGIN REGION HydroSolver

--------------------------------------------------------------------------------------------------
Name                                               NCalls  Excl. Min  Excl. Avg  Excl. Max   Max %
--------------------------------------------------------------------------------------------------
QuokkaSimulation::computeHydroFluxes()               1208      12.26      12.26      12.26  43.06%
HyperbolicSystem::ReconstructStatesPPM(Arrays)      76104      4.641      4.641      4.641  16.29%
HyperbolicSystem::ReconstructStatesPPM(MultiFabs)    7248      3.368      3.368      3.368  11.82%
QuokkaSimulation::computeFOHydroFluxes()              604      3.191      3.191      3.191  11.20%
MHDSystem::ComputeEMF_FelkerStone2017()              1812      1.685      1.685      1.685   5.92%
QuokkaSimulation::advanceHydroAtLevel()               604     0.8754     0.8754     0.8754   3.07%
amrex::Copy()                                        7248     0.5283     0.5283     0.5283   1.85%
FillBoundary_nowait()                                4832     0.4067     0.4067     0.4067   1.43%
FabArray::Saxpy()                                   10872     0.3534     0.3534     0.3534   1.24%
FabArray::setVal()                                   9060     0.2984     0.2984     0.2984   1.05%
MHDSystem::EMFAverage_LondrilloDelZanna2004()        5436     0.2498     0.2498     0.2498   0.88%
HydroSystem::PredictStep()                           1208     0.1841     0.1841     0.1841   0.65%
REG::HydroSolver                                      604    0.06658    0.06658    0.06658   0.23%
MHDSystem::ReconstructTo()                          76104    0.02042    0.02042    0.02042   0.07%
AMRSimulation::fillBoundaryConditions()              4832   0.005468   0.005468   0.005468   0.02%
FabArray::FillBoundary()                             4832   0.003695   0.003695   0.003695   0.01%
Other                                               17516     0.1275     0.1275     0.1275   0.45%
--------------------------------------------------------------------------------------------------

--------------------------------------------------------------------------------------------------
Name                                               NCalls  Incl. Min  Incl. Avg  Incl. Max   Max %
--------------------------------------------------------------------------------------------------
REG::HydroSolver                                      604      28.27      28.27      28.27  99.25%
QuokkaSimulation::advanceHydroAtLevel()               604      27.67      27.67      27.67  97.16%
QuokkaSimulation::computeHydroFluxes()               1208      15.63      15.63      15.63  54.88%
MHDSystem::ComputeEMF_FelkerStone2017()              1812      6.656      6.656      6.656  23.37%
MHDSystem::ReconstructTo()                          76104      4.661      4.661      4.661  16.37%
HyperbolicSystem::ReconstructStatesPPM(Arrays)      76104      4.641      4.641      4.641  16.29%
HyperbolicSystem::ReconstructStatesPPM(MultiFabs)    7248      3.368      3.368      3.368  11.82%
QuokkaSimulation::computeFOHydroFluxes()              604      3.191      3.191      3.191  11.20%
amrex::Copy()                                        7248     0.5283     0.5283     0.5283   1.85%
AMRSimulation::fillBoundaryConditions()              4832     0.4227     0.4227     0.4227   1.48%
FabArray::FillBoundary()                             4832     0.4172     0.4172     0.4172   1.46%
FillBoundary_nowait()                                4832      0.412      0.412      0.412   1.45%
FabArray::Saxpy()                                   10872     0.3534     0.3534     0.3534   1.24%
FabArray::setVal()                                   9060     0.2984     0.2984     0.2984   1.05%
MHDSystem::EMFAverage_LondrilloDelZanna2004()        5436     0.2498     0.2498     0.2498   0.88%
HydroSystem::PredictStep()                           1208     0.1841     0.1841     0.1841   0.65%
Other                                               17516     0.1275     0.1275     0.1275   0.45%
--------------------------------------------------------------------------------------------------

END REGION HydroSolver
Async Memory Usage:
------------------------------------------------------------------
Name                                     Nalloc   AvgMem    MaxMem
------------------------------------------------------------------
MHDSystem::ComputeEMF_FelkerStone2017()  146772  531 KiB  2525 KiB
------------------------------------------------------------------

Pinned Memory Usage:
---------------------------------------------------------
Name                             Nalloc  AvgMem    MaxMem
---------------------------------------------------------
The_Pinned_Arena::Initialize()        1   1   B  8192 KiB
AMRSimulation::readParameters()       2   0   B   256   B
---------------------------------------------------------

Cpu Memory Usage:
--------------------------------------------------------------------
Name                                      Nalloc    AvgMem    MaxMem
--------------------------------------------------------------------
QuokkaSimulation::computeHydroFluxes()     31408  8172 KiB    13 MiB
QuokkaSimulation::computeFOHydroFluxes()   13892  3925 KiB    12 MiB
AMRSimulation::MakeNewLevelFromScratch()       9  6719 KiB  6720 KiB
REG::HydroSolver                            4832  6286 KiB  6371 KiB
QuokkaSimulation::advanceHydroAtLevel()    15704  5184 KiB  6022 KiB
MHDSystem::ComputeEMF_FelkerStone2017()   146772   531 KiB  2526 KiB
Unprofiled                                    11    75   B   960 KiB
AMRSimulation::setInitialConditions()          1     0   B   192 KiB
OverrideSync_nowait()                          3     0   B    72 KiB
OwnerMask()                                    3     0   B    36 KiB
--------------------------------------------------------------------

AMReX (26.05-45-g5e5a411f935e) finalized
